[0.016s][info][gc] Using G1
[0,607s][info][gc] GC(0) Pause Young (G1 Evacuation Pause) 15M->10M(60M) 29,836ms
[0,655s][info][gc] GC(1) Pause Young (G1 Evacuation Pause) 17M->16M(60M) 24,006ms
[0,722s][info][gc] GC(2) Pause Young (G1 Evacuation Pause) 26M->25M(60M) 40,881ms
[1,120s][info][gc] GC(3) Pause Young (G1 Evacuation Pause) 33M->29M(180M) 21,053ms
[2,081s][info][gc] GC(4) Pause Young (G1 Evacuation Pause) 53M->29M(180M) 9,169ms
[3,473s][info][gc] GC(5) Pause Young (G1 Evacuation Pause) 75M->33M(180M) 25,603ms
[3,566s][info][gc] GC(6) Pause Young (G1 Evacuation Pause) 40M->34M(180M) 26,434ms
[3,633s][info][gc] GC(7) Pause Young (G1 Evacuation Pause) 42M->34M(180M) 4,284ms
[3,707s][info][gc] GC(8) Pause Young (G1 Evacuation Pause) 45M->35M(180M) 2,615ms
[3,806s][info][gc] GC(9) Pause Young (G1 Evacuation Pause) 52M->36M(180M) 1,328ms
[4,294s][info][gc] GC(10) Pause Young (G1 Evacuation Pause) 83M->39M(180M) 2,296ms
[5,294s][info][gc] GC(11) Pause Young (G1 Evacuation Pause) 162M->49M(180M) 3,154ms
