[0.015s][info][gc] Using G1
[1,079s][info][gc] GC(0) Pause Young (G1 Evacuation Pause) 15M->2M(60M) 7,218ms
[1,260s][info][gc] GC(1) Pause Young (G1 Evacuation Pause) 36M->2M(60M) 6,794ms
[1,434s][info][gc] GC(2) Pause Young (G1 Evacuation Pause) 36M->2M(60M) 18,246ms
[1,571s][info][gc] GC(3) Pause Young (G1 Evacuation Pause) 36M->2M(180M) 14,412ms
[1,730s][info][gc] GC(4) Pause Young (G1 Evacuation Pause) 68M->2M(180M) 20,108ms
[1,895s][info][gc] GC(5) Pause Young (G1 Evacuation Pause) 93M->2M(180M) 29,303ms
[2,081s][info][gc] GC(6) Pause Young (G1 Evacuation Pause) 108M->2M(180M) 19,296ms
[2,236s][info][gc] GC(7) Pause Young (G1 Evacuation Pause) 108M->2M(272M) 16,276ms
[2,595s][info][gc] GC(8) Pause Young (G1 Evacuation Pause) 149M->2M(272M) 4,776ms
[2,799s][info][gc] GC(9) Pause Young (G1 Evacuation Pause) 163M->2M(272M) 9,727ms
[2,999s][info][gc] GC(10) Pause Young (G1 Evacuation Pause) 163M->2M(272M) 13,800ms
[3,172s][info][gc] GC(11) Pause Young (G1 Evacuation Pause) 163M->2M(272M) 9,007ms
[3,378s][info][gc] GC(12) Pause Young (G1 Evacuation Pause) 163M->2M(272M) 10,958ms
[3,611s][info][gc] GC(13) Pause Young (G1 Evacuation Pause) 163M->2M(300M) 16,372ms
[3,861s][info][gc] GC(14) Pause Young (G1 Evacuation Pause) 180M->2M(300M) 6,445ms
[4,105s][info][gc] GC(15) Pause Young (G1 Evacuation Pause) 180M->2M(300M) 7,534ms
[4,306s][info][gc] GC(16) Pause Young (G1 Evacuation Pause) 181M->2M(300M) 1,767ms
[4,457s][info][gc] GC(17) Pause Young (G1 Evacuation Pause) 181M->2M(300M) 1,215ms
[4,592s][info][gc] GC(18) Pause Young (G1 Evacuation Pause) 181M->2M(300M) 1,061ms
[4,713s][info][gc] GC(19) Pause Young (G1 Evacuation Pause) 181M->2M(300M) 1,002ms
[4,830s][info][gc] GC(20) Pause Young (G1 Evacuation Pause) 181M->2M(300M) 1,981ms
[4,953s][info][gc] GC(21) Pause Young (G1 Evacuation Pause) 181M->2M(300M) 1,105ms
[5,070s][info][gc] GC(22) Pause Young (G1 Evacuation Pause) 181M->2M(300M) 1,112ms
[5,193s][info][gc] GC(23) Pause Young (G1 Evacuation Pause) 181M->2M(300M) 1,161ms
[5,309s][info][gc] GC(24) Pause Young (G1 Evacuation Pause) 181M->2M(300M) 0,934ms
[5,429s][info][gc] GC(25) Pause Young (G1 Evacuation Pause) 181M->2M(300M) 1,082ms
[5,554s][info][gc] GC(26) Pause Young (G1 Evacuation Pause) 181M->2M(300M) 1,364ms
[5,676s][info][gc] GC(27) Pause Young (G1 Evacuation Pause) 181M->2M(300M) 1,125ms
[5,800s][info][gc] GC(28) Pause Young (G1 Evacuation Pause) 181M->2M(300M) 1,225ms
[5,923s][info][gc] GC(29) Pause Young (G1 Evacuation Pause) 181M->2M(300M) 1,229ms
[6,047s][info][gc] GC(30) Pause Young (G1 Evacuation Pause) 181M->2M(300M) 0,948ms
[6,168s][info][gc] GC(31) Pause Young (G1 Evacuation Pause) 181M->2M(300M) 0,859ms
[6,293s][info][gc] GC(32) Pause Young (G1 Evacuation Pause) 181M->2M(300M) 0,891ms
[6,414s][info][gc] GC(33) Pause Young (G1 Evacuation Pause) 181M->2M(300M) 1,004ms
[6,544s][info][gc] GC(34) Pause Young (G1 Evacuation Pause) 181M->2M(300M) 2,306ms
[6,665s][info][gc] GC(35) Pause Young (G1 Evacuation Pause) 181M->2M(300M) 1,271ms
[6,799s][info][gc] GC(36) Pause Young (G1 Evacuation Pause) 181M->2M(300M) 1,450ms
[6,918s][info][gc] GC(37) Pause Young (G1 Evacuation Pause) 181M->2M(300M) 0,988ms
[7,040s][info][gc] GC(38) Pause Young (G1 Evacuation Pause) 181M->2M(300M) 1,360ms
[7,163s][info][gc] GC(39) Pause Young (G1 Evacuation Pause) 181M->2M(300M) 0,879ms
[7,282s][info][gc] GC(40) Pause Young (G1 Evacuation Pause) 181M->2M(300M) 1,170ms
[7,402s][info][gc] GC(41) Pause Young (G1 Evacuation Pause) 181M->2M(300M) 1,908ms
[7,524s][info][gc] GC(42) Pause Young (G1 Evacuation Pause) 181M->2M(300M) 1,230ms
[7,647s][info][gc] GC(43) Pause Young (G1 Evacuation Pause) 181M->2M(300M) 2,251ms
[7,769s][info][gc] GC(44) Pause Young (G1 Evacuation Pause) 181M->2M(300M) 0,798ms
[7,884s][info][gc] GC(45) Pause Young (G1 Evacuation Pause) 181M->2M(300M) 1,207ms
[8,006s][info][gc] GC(46) Pause Young (G1 Evacuation Pause) 181M->2M(300M) 1,191ms
[8,140s][info][gc] GC(47) Pause Young (G1 Evacuation Pause) 181M->2M(300M) 1,159ms
[8,263s][info][gc] GC(48) Pause Young (G1 Evacuation Pause) 181M->2M(300M) 1,004ms
[8,384s][info][gc] GC(49) Pause Young (G1 Evacuation Pause) 181M->2M(300M) 0,893ms
[8,511s][info][gc] GC(50) Pause Young (G1 Evacuation Pause) 181M->2M(300M) 1,133ms
[8,654s][info][gc] GC(51) Pause Young (G1 Evacuation Pause) 181M->2M(300M) 2,222ms
[8,776s][info][gc] GC(52) Pause Young (G1 Evacuation Pause) 181M->2M(300M) 1,052ms
[8,898s][info][gc] GC(53) Pause Young (G1 Evacuation Pause) 181M->2M(300M) 1,064ms
[9,026s][info][gc] GC(54) Pause Young (G1 Evacuation Pause) 181M->2M(300M) 0,855ms
[9,150s][info][gc] GC(55) Pause Young (G1 Evacuation Pause) 181M->2M(300M) 1,149ms
[9,277s][info][gc] GC(56) Pause Young (G1 Evacuation Pause) 181M->2M(300M) 0,979ms
[9,402s][info][gc] GC(57) Pause Young (G1 Evacuation Pause) 181M->2M(300M) 2,298ms
[9,530s][info][gc] GC(58) Pause Young (G1 Evacuation Pause) 181M->2M(300M) 1,015ms
[9,650s][info][gc] GC(59) Pause Young (G1 Evacuation Pause) 181M->2M(300M) 1,018ms
[9,773s][info][gc] GC(60) Pause Young (G1 Evacuation Pause) 181M->2M(300M) 1,069ms
[9,893s][info][gc] GC(61) Pause Young (G1 Evacuation Pause) 181M->2M(300M) 0,946ms
[10,018s][info][gc] GC(62) Pause Young (G1 Evacuation Pause) 181M->2M(300M) 0,974ms
[10,140s][info][gc] GC(63) Pause Young (G1 Evacuation Pause) 181M->2M(300M) 1,116ms
[10,302s][info][gc] GC(64) Pause Young (G1 Evacuation Pause) 181M->2M(300M) 1,782ms
[10,460s][info][gc] GC(65) Pause Young (G1 Evacuation Pause) 181M->2M(300M) 1,504ms
[10,604s][info][gc] GC(66) Pause Young (G1 Evacuation Pause) 181M->2M(300M) 1,519ms
[10,778s][info][gc] GC(67) Pause Young (G1 Evacuation Pause) 181M->2M(300M) 0,954ms
[10,903s][info][gc] GC(68) Pause Young (G1 Evacuation Pause) 181M->2M(300M) 1,108ms
[11,033s][info][gc] GC(69) Pause Young (G1 Evacuation Pause) 181M->2M(300M) 1,169ms
[11,161s][info][gc] GC(70) Pause Young (G1 Evacuation Pause) 181M->2M(300M) 1,160ms
[11,289s][info][gc] GC(71) Pause Young (G1 Evacuation Pause) 181M->2M(300M) 0,866ms
[11,419s][info][gc] GC(72) Pause Young (G1 Evacuation Pause) 181M->2M(300M) 3,410ms
[11,543s][info][gc] GC(73) Pause Young (G1 Evacuation Pause) 181M->2M(300M) 0,961ms
[11,681s][info][gc] GC(74) Pause Young (G1 Evacuation Pause) 181M->2M(300M) 1,223ms
[11,804s][info][gc] GC(75) Pause Young (G1 Evacuation Pause) 181M->2M(300M) 1,379ms
[11,954s][info][gc] GC(76) Pause Young (G1 Evacuation Pause) 181M->2M(300M) 1,077ms
[12,082s][info][gc] GC(77) Pause Young (G1 Evacuation Pause) 181M->2M(300M) 0,833ms
[12,203s][info][gc] GC(78) Pause Young (G1 Evacuation Pause) 181M->2M(300M) 0,919ms
[12,328s][info][gc] GC(79) Pause Young (G1 Evacuation Pause) 181M->2M(300M) 1,257ms
[12,449s][info][gc] GC(80) Pause Young (G1 Evacuation Pause) 181M->2M(300M) 0,945ms
[12,571s][info][gc] GC(81) Pause Young (G1 Evacuation Pause) 181M->2M(300M) 1,982ms
[12,695s][info][gc] GC(82) Pause Young (G1 Evacuation Pause) 181M->2M(300M) 1,378ms
[12,813s][info][gc] GC(83) Pause Young (G1 Evacuation Pause) 181M->2M(300M) 1,126ms
[12,936s][info][gc] GC(84) Pause Young (G1 Evacuation Pause) 181M->2M(300M) 1,322ms
[13,055s][info][gc] GC(85) Pause Young (G1 Evacuation Pause) 181M->2M(300M) 1,106ms
[13,175s][info][gc] GC(86) Pause Young (G1 Evacuation Pause) 181M->2M(300M) 1,175ms
[13,297s][info][gc] GC(87) Pause Young (G1 Evacuation Pause) 181M->2M(300M) 0,896ms
[13,418s][info][gc] GC(88) Pause Young (G1 Evacuation Pause) 181M->2M(300M) 0,919ms
[13,541s][info][gc] GC(89) Pause Young (G1 Evacuation Pause) 181M->2M(300M) 1,013ms
[13,665s][info][gc] GC(90) Pause Young (G1 Evacuation Pause) 181M->2M(300M) 1,527ms
[13,787s][info][gc] GC(91) Pause Young (G1 Evacuation Pause) 181M->2M(300M) 1,175ms
[13,909s][info][gc] GC(92) Pause Young (G1 Evacuation Pause) 181M->2M(300M) 0,891ms
[14,031s][info][gc] GC(93) Pause Young (G1 Evacuation Pause) 181M->2M(300M) 2,129ms
[14,168s][info][gc] GC(94) Pause Young (G1 Evacuation Pause) 181M->2M(300M) 0,904ms
[14,292s][info][gc] GC(95) Pause Young (G1 Evacuation Pause) 181M->2M(300M) 1,550ms
[14,419s][info][gc] GC(96) Pause Young (G1 Evacuation Pause) 181M->2M(300M) 1,014ms
[14,544s][info][gc] GC(97) Pause Young (G1 Evacuation Pause) 181M->2M(300M) 1,011ms
[14,669s][info][gc] GC(98) Pause Young (G1 Evacuation Pause) 181M->2M(300M) 1,293ms
[14,797s][info][gc] GC(99) Pause Young (G1 Evacuation Pause) 181M->2M(300M) 1,335ms
[14,925s][info][gc] GC(100) Pause Young (G1 Evacuation Pause) 181M->2M(300M) 1,115ms
[15,053s][info][gc] GC(101) Pause Young (G1 Evacuation Pause) 181M->2M(300M) 0,877ms
[15,177s][info][gc] GC(102) Pause Young (G1 Evacuation Pause) 181M->2M(300M) 0,993ms
[15,307s][info][gc] GC(103) Pause Young (G1 Evacuation Pause) 181M->2M(300M) 0,969ms
[15,435s][info][gc] GC(104) Pause Young (G1 Evacuation Pause) 181M->2M(300M) 1,216ms
[15,561s][info][gc] GC(105) Pause Young (G1 Evacuation Pause) 181M->2M(300M) 0,962ms
[15,684s][info][gc] GC(106) Pause Young (G1 Evacuation Pause) 181M->2M(300M) 1,427ms
[15,810s][info][gc] GC(107) Pause Young (G1 Evacuation Pause) 181M->2M(300M) 1,288ms
[15,948s][info][gc] GC(108) Pause Young (G1 Evacuation Pause) 181M->2M(300M) 1,094ms
[16,080s][info][gc] GC(109) Pause Young (G1 Evacuation Pause) 181M->2M(300M) 0,972ms
[16,214s][info][gc] GC(110) Pause Young (G1 Evacuation Pause) 181M->2M(300M) 1,183ms
[16,341s][info][gc] GC(111) Pause Young (G1 Evacuation Pause) 181M->2M(300M) 1,515ms
[16,480s][info][gc] GC(112) Pause Young (G1 Evacuation Pause) 181M->2M(300M) 0,910ms
[16,612s][info][gc] GC(113) Pause Young (G1 Evacuation Pause) 181M->2M(300M) 0,983ms
[16,751s][info][gc] GC(114) Pause Young (G1 Evacuation Pause) 181M->2M(300M) 0,846ms
[16,879s][info][gc] GC(115) Pause Young (G1 Evacuation Pause) 181M->2M(300M) 0,857ms
[17,016s][info][gc] GC(116) Pause Young (G1 Evacuation Pause) 181M->2M(300M) 1,404ms
[17,139s][info][gc] GC(117) Pause Young (G1 Evacuation Pause) 181M->2M(300M) 1,062ms
[17,266s][info][gc] GC(118) Pause Young (G1 Evacuation Pause) 181M->2M(300M) 0,961ms
[17,393s][info][gc] GC(119) Pause Young (G1 Evacuation Pause) 181M->2M(300M) 0,789ms
[17,519s][info][gc] GC(120) Pause Young (G1 Evacuation Pause) 181M->2M(300M) 1,065ms
[17,640s][info][gc] GC(121) Pause Young (G1 Evacuation Pause) 181M->2M(300M) 1,356ms
[17,765s][info][gc] GC(122) Pause Young (G1 Evacuation Pause) 181M->2M(300M) 1,103ms
[17,884s][info][gc] GC(123) Pause Young (G1 Evacuation Pause) 181M->2M(300M) 1,154ms
[18,010s][info][gc] GC(124) Pause Young (G1 Evacuation Pause) 181M->2M(300M) 0,928ms
[18,129s][info][gc] GC(125) Pause Young (G1 Evacuation Pause) 181M->2M(300M) 0,929ms
[18,252s][info][gc] GC(126) Pause Young (G1 Evacuation Pause) 181M->2M(300M) 1,908ms
[18,373s][info][gc] GC(127) Pause Young (G1 Evacuation Pause) 181M->2M(300M) 1,216ms
[18,495s][info][gc] GC(128) Pause Young (G1 Evacuation Pause) 181M->2M(300M) 0,978ms
[18,619s][info][gc] GC(129) Pause Young (G1 Evacuation Pause) 181M->2M(300M) 1,257ms
[18,740s][info][gc] GC(130) Pause Young (G1 Evacuation Pause) 181M->2M(300M) 1,011ms
[18,863s][info][gc] GC(131) Pause Young (G1 Evacuation Pause) 181M->2M(300M) 0,832ms
[18,985s][info][gc] GC(132) Pause Young (G1 Evacuation Pause) 181M->2M(300M) 0,895ms
[19,108s][info][gc] GC(133) Pause Young (G1 Evacuation Pause) 181M->2M(300M) 1,686ms
[19,231s][info][gc] GC(134) Pause Young (G1 Evacuation Pause) 181M->2M(300M) 0,992ms
[19,351s][info][gc] GC(135) Pause Young (G1 Evacuation Pause) 181M->2M(300M) 0,892ms
[19,491s][info][gc] GC(136) Pause Young (G1 Evacuation Pause) 181M->2M(300M) 1,071ms
[19,616s][info][gc] GC(137) Pause Young (G1 Evacuation Pause) 181M->2M(300M) 0,814ms
[19,736s][info][gc] GC(138) Pause Young (G1 Evacuation Pause) 181M->2M(300M) 0,912ms
[19,854s][info][gc] GC(139) Pause Young (G1 Evacuation Pause) 181M->2M(300M) 1,683ms
[19,980s][info][gc] GC(140) Pause Young (G1 Evacuation Pause) 181M->2M(300M) 1,101ms
[20,102s][info][gc] GC(141) Pause Young (G1 Evacuation Pause) 181M->2M(300M) 0,913ms
[20,227s][info][gc] GC(142) Pause Young (G1 Evacuation Pause) 181M->2M(300M) 1,195ms
[20,348s][info][gc] GC(143) Pause Young (G1 Evacuation Pause) 181M->2M(300M) 0,968ms
[20,476s][info][gc] GC(144) Pause Young (G1 Evacuation Pause) 181M->2M(300M) 0,955ms
[20,595s][info][gc] GC(145) Pause Young (G1 Evacuation Pause) 181M->2M(300M) 0,954ms
[20,714s][info][gc] GC(146) Pause Young (G1 Evacuation Pause) 181M->2M(300M) 1,291ms
[20,854s][info][gc] GC(147) Pause Young (G1 Evacuation Pause) 181M->2M(300M) 0,997ms
[20,976s][info][gc] GC(148) Pause Young (G1 Evacuation Pause) 181M->2M(300M) 1,407ms
[21,098s][info][gc] GC(149) Pause Young (G1 Evacuation Pause) 181M->2M(300M) 1,101ms
[21,223s][info][gc] GC(150) Pause Young (G1 Evacuation Pause) 181M->2M(300M) 1,667ms
[21,344s][info][gc] GC(151) Pause Young (G1 Evacuation Pause) 181M->2M(300M) 1,075ms
[21,471s][info][gc] GC(152) Pause Young (G1 Evacuation Pause) 181M->2M(300M) 2,485ms
[21,609s][info][gc] GC(153) Pause Young (G1 Evacuation Pause) 181M->2M(300M) 1,079ms
[21,748s][info][gc] GC(154) Pause Young (G1 Evacuation Pause) 181M->2M(300M) 0,835ms
[21,876s][info][gc] GC(155) Pause Young (G1 Evacuation Pause) 181M->2M(300M) 1,269ms
[22,007s][info][gc] GC(156) Pause Young (G1 Evacuation Pause) 181M->2M(300M) 1,110ms
[22,153s][info][gc] GC(157) Pause Young (G1 Evacuation Pause) 181M->2M(300M) 1,114ms
[22,303s][info][gc] GC(158) Pause Young (G1 Evacuation Pause) 181M->2M(300M) 1,034ms
[22,437s][info][gc] GC(159) Pause Young (G1 Evacuation Pause) 181M->2M(300M) 1,049ms
[22,561s][info][gc] GC(160) Pause Young (G1 Evacuation Pause) 181M->2M(300M) 0,994ms
[22,686s][info][gc] GC(161) Pause Young (G1 Evacuation Pause) 181M->2M(300M) 1,058ms
[22,809s][info][gc] GC(162) Pause Young (G1 Evacuation Pause) 181M->2M(300M) 1,024ms
[22,934s][info][gc] GC(163) Pause Young (G1 Evacuation Pause) 181M->2M(300M) 1,771ms
[23,060s][info][gc] GC(164) Pause Young (G1 Evacuation Pause) 181M->2M(300M) 0,880ms
[23,184s][info][gc] GC(165) Pause Young (G1 Evacuation Pause) 181M->2M(300M) 1,015ms
[23,310s][info][gc] GC(166) Pause Young (G1 Evacuation Pause) 181M->2M(300M) 1,039ms
[23,445s][info][gc] GC(167) Pause Young (G1 Evacuation Pause) 181M->2M(300M) 1,147ms
[23,567s][info][gc] GC(168) Pause Young (G1 Evacuation Pause) 181M->2M(300M) 0,950ms
[23,691s][info][gc] GC(169) Pause Young (G1 Evacuation Pause) 181M->2M(300M) 1,241ms
[23,833s][info][gc] GC(170) Pause Young (G1 Evacuation Pause) 181M->2M(300M) 1,540ms
[23,968s][info][gc] GC(171) Pause Young (G1 Evacuation Pause) 181M->2M(300M) 0,934ms
[24,112s][info][gc] GC(172) Pause Young (G1 Evacuation Pause) 181M->2M(300M) 1,080ms
[24,246s][info][gc] GC(173) Pause Young (G1 Evacuation Pause) 181M->2M(300M) 1,192ms
[24,374s][info][gc] GC(174) Pause Young (G1 Evacuation Pause) 181M->2M(300M) 1,242ms
[24,507s][info][gc] GC(175) Pause Young (G1 Evacuation Pause) 181M->2M(300M) 1,100ms
[24,636s][info][gc] GC(176) Pause Young (G1 Evacuation Pause) 181M->2M(300M) 2,227ms
[24,766s][info][gc] GC(177) Pause Young (G1 Evacuation Pause) 181M->2M(300M) 1,246ms
[24,895s][info][gc] GC(178) Pause Young (G1 Evacuation Pause) 181M->2M(300M) 0,816ms
[25,018s][info][gc] GC(179) Pause Young (G1 Evacuation Pause) 181M->2M(300M) 0,958ms
[25,147s][info][gc] GC(180) Pause Young (G1 Evacuation Pause) 181M->2M(300M) 1,596ms
[25,275s][info][gc] GC(181) Pause Young (G1 Evacuation Pause) 181M->2M(300M) 0,976ms
[25,401s][info][gc] GC(182) Pause Young (G1 Evacuation Pause) 181M->2M(300M) 0,972ms
[25,527s][info][gc] GC(183) Pause Young (G1 Evacuation Pause) 181M->2M(300M) 0,873ms
[25,655s][info][gc] GC(184) Pause Young (G1 Evacuation Pause) 181M->2M(300M) 1,373ms
[25,781s][info][gc] GC(185) Pause Young (G1 Evacuation Pause) 181M->2M(300M) 1,158ms
[25,911s][info][gc] GC(186) Pause Young (G1 Evacuation Pause) 181M->2M(300M) 1,168ms
[26,042s][info][gc] GC(187) Pause Young (G1 Evacuation Pause) 181M->2M(300M) 1,627ms
[26,176s][info][gc] GC(188) Pause Young (G1 Evacuation Pause) 181M->2M(300M) 1,499ms
[26,308s][info][gc] GC(189) Pause Young (G1 Evacuation Pause) 181M->2M(300M) 0,969ms
[26,434s][info][gc] GC(190) Pause Young (G1 Evacuation Pause) 181M->2M(300M) 0,873ms
[26,562s][info][gc] GC(191) Pause Young (G1 Evacuation Pause) 181M->2M(300M) 1,223ms
[26,686s][info][gc] GC(192) Pause Young (G1 Evacuation Pause) 181M->2M(300M) 1,093ms
[26,814s][info][gc] GC(193) Pause Young (G1 Evacuation Pause) 181M->2M(300M) 0,929ms
[26,937s][info][gc] GC(194) Pause Young (G1 Evacuation Pause) 181M->2M(300M) 1,082ms
[27,063s][info][gc] GC(195) Pause Young (G1 Evacuation Pause) 181M->2M(300M) 0,999ms
[27,185s][info][gc] GC(196) Pause Young (G1 Evacuation Pause) 181M->2M(300M) 0,915ms
[27,309s][info][gc] GC(197) Pause Young (G1 Evacuation Pause) 181M->2M(300M) 0,975ms
[27,429s][info][gc] GC(198) Pause Young (G1 Evacuation Pause) 181M->2M(300M) 1,168ms
[27,552s][info][gc] GC(199) Pause Young (G1 Evacuation Pause) 181M->2M(300M) 2,310ms
[27,673s][info][gc] GC(200) Pause Young (G1 Evacuation Pause) 181M->2M(300M) 1,362ms
[27,797s][info][gc] GC(201) Pause Young (G1 Evacuation Pause) 181M->2M(300M) 1,096ms
[27,927s][info][gc] GC(202) Pause Young (G1 Evacuation Pause) 181M->2M(300M) 1,038ms
[28,060s][info][gc] GC(203) Pause Young (G1 Evacuation Pause) 181M->2M(300M) 1,087ms
[28,187s][info][gc] GC(204) Pause Young (G1 Evacuation Pause) 181M->2M(300M) 0,921ms
[28,323s][info][gc] GC(205) Pause Young (G1 Evacuation Pause) 181M->2M(300M) 0,925ms
[28,455s][info][gc] GC(206) Pause Young (G1 Evacuation Pause) 181M->2M(300M) 0,817ms
[28,579s][info][gc] GC(207) Pause Young (G1 Evacuation Pause) 181M->2M(300M) 0,894ms
[28,704s][info][gc] GC(208) Pause Young (G1 Evacuation Pause) 181M->2M(300M) 1,267ms
[28,823s][info][gc] GC(209) Pause Young (G1 Evacuation Pause) 181M->2M(300M) 0,865ms
[28,948s][info][gc] GC(210) Pause Young (G1 Evacuation Pause) 181M->2M(300M) 0,958ms
[29,079s][info][gc] GC(211) Pause Young (G1 Evacuation Pause) 181M->2M(300M) 0,804ms
[29,204s][info][gc] GC(212) Pause Young (G1 Evacuation Pause) 181M->2M(300M) 1,470ms
[29,330s][info][gc] GC(213) Pause Young (G1 Evacuation Pause) 181M->2M(300M) 0,948ms
[29,459s][info][gc] GC(214) Pause Young (G1 Evacuation Pause) 181M->2M(300M) 1,051ms
[29,583s][info][gc] GC(215) Pause Young (G1 Evacuation Pause) 181M->2M(300M) 1,210ms
[29,708s][info][gc] GC(216) Pause Young (G1 Evacuation Pause) 181M->2M(300M) 1,506ms
[29,840s][info][gc] GC(217) Pause Young (G1 Evacuation Pause) 181M->2M(300M) 0,942ms
[29,973s][info][gc] GC(218) Pause Young (G1 Evacuation Pause) 181M->2M(300M) 1,047ms
[30,090s][info][gc] GC(219) Pause Young (G1 Evacuation Pause) 181M->2M(300M) 0,893ms
[30,210s][info][gc] GC(220) Pause Young (G1 Evacuation Pause) 181M->2M(300M) 0,865ms
[30,333s][info][gc] GC(221) Pause Young (G1 Evacuation Pause) 181M->2M(300M) 0,982ms
[30,460s][info][gc] GC(222) Pause Young (G1 Evacuation Pause) 181M->2M(300M) 1,152ms
[30,587s][info][gc] GC(223) Pause Young (G1 Evacuation Pause) 181M->2M(300M) 0,951ms
[30,711s][info][gc] GC(224) Pause Young (G1 Evacuation Pause) 181M->2M(300M) 1,046ms
[30,859s][info][gc] GC(225) Pause Young (G1 Evacuation Pause) 181M->2M(300M) 1,193ms
[31,010s][info][gc] GC(226) Pause Young (G1 Evacuation Pause) 181M->2M(300M) 0,953ms
[31,193s][info][gc] GC(227) Pause Young (G1 Evacuation Pause) 181M->2M(300M) 1,149ms
[31,368s][info][gc] GC(228) Pause Young (G1 Evacuation Pause) 181M->2M(300M) 1,118ms
[31,496s][info][gc] GC(229) Pause Young (G1 Evacuation Pause) 181M->2M(300M) 1,245ms
[31,619s][info][gc] GC(230) Pause Young (G1 Evacuation Pause) 181M->2M(300M) 1,181ms
[31,741s][info][gc] GC(231) Pause Young (G1 Evacuation Pause) 181M->2M(300M) 1,036ms
[31,865s][info][gc] GC(232) Pause Young (G1 Evacuation Pause) 181M->2M(300M) 1,147ms
[31,994s][info][gc] GC(233) Pause Young (G1 Evacuation Pause) 181M->2M(300M) 1,140ms
[32,121s][info][gc] GC(234) Pause Young (G1 Evacuation Pause) 181M->2M(300M) 1,323ms
[32,252s][info][gc] GC(235) Pause Young (G1 Evacuation Pause) 181M->2M(300M) 0,972ms
[32,384s][info][gc] GC(236) Pause Young (G1 Evacuation Pause) 181M->2M(300M) 0,953ms
[32,515s][info][gc] GC(237) Pause Young (G1 Evacuation Pause) 181M->2M(300M) 0,871ms
[32,646s][info][gc] GC(238) Pause Young (G1 Evacuation Pause) 181M->2M(300M) 0,824ms
[32,775s][info][gc] GC(239) Pause Young (G1 Evacuation Pause) 181M->2M(300M) 1,102ms
[32,901s][info][gc] GC(240) Pause Young (G1 Evacuation Pause) 181M->2M(300M) 0,969ms
[33,037s][info][gc] GC(241) Pause Young (G1 Evacuation Pause) 181M->2M(300M) 1,163ms
[33,162s][info][gc] GC(242) Pause Young (G1 Evacuation Pause) 181M->2M(300M) 0,940ms
[33,301s][info][gc] GC(243) Pause Young (G1 Evacuation Pause) 181M->2M(300M) 0,980ms
[33,433s][info][gc] GC(244) Pause Young (G1 Evacuation Pause) 181M->2M(300M) 1,814ms
[33,554s][info][gc] GC(245) Pause Young (G1 Evacuation Pause) 181M->2M(300M) 0,875ms
[33,675s][info][gc] GC(246) Pause Young (G1 Evacuation Pause) 181M->2M(300M) 1,085ms
[33,806s][info][gc] GC(247) Pause Young (G1 Evacuation Pause) 181M->2M(300M) 0,909ms
[33,930s][info][gc] GC(248) Pause Young (G1 Evacuation Pause) 181M->2M(300M) 1,207ms
[34,054s][info][gc] GC(249) Pause Young (G1 Evacuation Pause) 181M->2M(300M) 1,437ms
[34,178s][info][gc] GC(250) Pause Young (G1 Evacuation Pause) 181M->2M(300M) 1,231ms
[34,303s][info][gc] GC(251) Pause Young (G1 Evacuation Pause) 181M->2M(300M) 0,898ms
[34,429s][info][gc] GC(252) Pause Young (G1 Evacuation Pause) 181M->2M(300M) 0,897ms
[34,555s][info][gc] GC(253) Pause Young (G1 Evacuation Pause) 181M->2M(300M) 0,943ms
[34,678s][info][gc] GC(254) Pause Young (G1 Evacuation Pause) 181M->2M(300M) 1,137ms
[34,805s][info][gc] GC(255) Pause Young (G1 Evacuation Pause) 181M->2M(300M) 1,362ms
[34,931s][info][gc] GC(256) Pause Young (G1 Evacuation Pause) 181M->2M(300M) 1,378ms
[35,054s][info][gc] GC(257) Pause Young (G1 Evacuation Pause) 181M->2M(300M) 1,005ms
[35,179s][info][gc] GC(258) Pause Young (G1 Evacuation Pause) 181M->2M(300M) 1,255ms
[35,304s][info][gc] GC(259) Pause Young (G1 Evacuation Pause) 181M->2M(300M) 0,809ms
[35,431s][info][gc] GC(260) Pause Young (G1 Evacuation Pause) 181M->2M(300M) 1,034ms
[35,556s][info][gc] GC(261) Pause Young (G1 Evacuation Pause) 181M->2M(300M) 0,991ms
[35,697s][info][gc] GC(262) Pause Young (G1 Evacuation Pause) 181M->2M(300M) 1,978ms
[35,823s][info][gc] GC(263) Pause Young (G1 Evacuation Pause) 181M->2M(300M) 0,961ms
[35,949s][info][gc] GC(264) Pause Young (G1 Evacuation Pause) 181M->2M(300M) 1,092ms
[36,080s][info][gc] GC(265) Pause Young (G1 Evacuation Pause) 181M->2M(300M) 1,080ms
[36,203s][info][gc] GC(266) Pause Young (G1 Evacuation Pause) 181M->2M(300M) 0,848ms
[36,323s][info][gc] GC(267) Pause Young (G1 Evacuation Pause) 181M->2M(300M) 0,897ms
[36,443s][info][gc] GC(268) Pause Young (G1 Evacuation Pause) 181M->2M(300M) 1,040ms
[36,566s][info][gc] GC(269) Pause Young (G1 Evacuation Pause) 181M->2M(300M) 1,167ms
[36,689s][info][gc] GC(270) Pause Young (G1 Evacuation Pause) 181M->2M(300M) 1,079ms
[36,815s][info][gc] GC(271) Pause Young (G1 Evacuation Pause) 181M->2M(300M) 0,934ms
[36,943s][info][gc] GC(272) Pause Young (G1 Evacuation Pause) 181M->2M(300M) 1,475ms
[37,077s][info][gc] GC(273) Pause Young (G1 Evacuation Pause) 181M->2M(300M) 1,153ms
[37,205s][info][gc] GC(274) Pause Young (G1 Evacuation Pause) 181M->2M(300M) 2,336ms
[37,328s][info][gc] GC(275) Pause Young (G1 Evacuation Pause) 181M->2M(300M) 1,413ms
[37,455s][info][gc] GC(276) Pause Young (G1 Evacuation Pause) 181M->2M(300M) 3,454ms
[37,580s][info][gc] GC(277) Pause Young (G1 Evacuation Pause) 181M->2M(300M) 1,432ms
[37,706s][info][gc] GC(278) Pause Young (G1 Evacuation Pause) 181M->2M(300M) 2,114ms
[37,834s][info][gc] GC(279) Pause Young (G1 Evacuation Pause) 181M->2M(300M) 1,169ms
[37,960s][info][gc] GC(280) Pause Young (G1 Evacuation Pause) 181M->2M(300M) 1,965ms
[38,083s][info][gc] GC(281) Pause Young (G1 Evacuation Pause) 181M->2M(300M) 0,993ms
[38,210s][info][gc] GC(282) Pause Young (G1 Evacuation Pause) 181M->2M(300M) 2,096ms
[38,329s][info][gc] GC(283) Pause Young (G1 Evacuation Pause) 181M->2M(300M) 1,190ms
[38,471s][info][gc] GC(284) Pause Young (G1 Evacuation Pause) 181M->2M(300M) 1,033ms
[38,593s][info][gc] GC(285) Pause Young (G1 Evacuation Pause) 181M->2M(300M) 1,364ms
[38,735s][info][gc] GC(286) Pause Young (G1 Evacuation Pause) 181M->2M(300M) 1,150ms
[38,858s][info][gc] GC(287) Pause Young (G1 Evacuation Pause) 181M->2M(300M) 1,219ms
[38,986s][info][gc] GC(288) Pause Young (G1 Evacuation Pause) 181M->2M(300M) 0,939ms
[39,126s][info][gc] GC(289) Pause Young (G1 Evacuation Pause) 181M->2M(300M) 0,829ms
[39,255s][info][gc] GC(290) Pause Young (G1 Evacuation Pause) 181M->2M(300M) 1,046ms
[39,381s][info][gc] GC(291) Pause Young (G1 Evacuation Pause) 181M->2M(300M) 0,993ms
[39,507s][info][gc] GC(292) Pause Young (G1 Evacuation Pause) 181M->2M(300M) 0,936ms
[39,631s][info][gc] GC(293) Pause Young (G1 Evacuation Pause) 181M->2M(300M) 1,026ms
[39,753s][info][gc] GC(294) Pause Young (G1 Evacuation Pause) 181M->2M(300M) 1,047ms
[39,890s][info][gc] GC(295) Pause Young (G1 Evacuation Pause) 181M->2M(300M) 0,940ms
[40,023s][info][gc] GC(296) Pause Young (G1 Evacuation Pause) 181M->2M(300M) 1,121ms
[40,145s][info][gc] GC(297) Pause Young (G1 Evacuation Pause) 181M->2M(300M) 1,168ms
[40,279s][info][gc] GC(298) Pause Young (G1 Evacuation Pause) 181M->2M(300M) 0,839ms
[40,399s][info][gc] GC(299) Pause Young (G1 Evacuation Pause) 181M->2M(300M) 0,894ms
[40,527s][info][gc] GC(300) Pause Young (G1 Evacuation Pause) 181M->2M(300M) 1,114ms
[40,653s][info][gc] GC(301) Pause Young (G1 Evacuation Pause) 181M->2M(300M) 1,541ms
[40,779s][info][gc] GC(302) Pause Young (G1 Evacuation Pause) 181M->2M(300M) 1,293ms
[40,898s][info][gc] GC(303) Pause Young (G1 Evacuation Pause) 181M->2M(300M) 0,803ms
[41,025s][info][gc] GC(304) Pause Young (G1 Evacuation Pause) 181M->2M(300M) 1,990ms
[41,145s][info][gc] GC(305) Pause Young (G1 Evacuation Pause) 181M->2M(300M) 1,407ms
[41,264s][info][gc] GC(306) Pause Young (G1 Evacuation Pause) 181M->2M(300M) 1,152ms
[41,388s][info][gc] GC(307) Pause Young (G1 Evacuation Pause) 181M->2M(300M) 0,932ms
[41,512s][info][gc] GC(308) Pause Young (G1 Evacuation Pause) 181M->2M(300M) 1,154ms
[41,637s][info][gc] GC(309) Pause Young (G1 Evacuation Pause) 181M->2M(300M) 1,240ms
[41,763s][info][gc] GC(310) Pause Young (G1 Evacuation Pause) 181M->2M(300M) 0,893ms
[41,923s][info][gc] GC(311) Pause Young (G1 Evacuation Pause) 181M->2M(300M) 0,996ms
[42,062s][info][gc] GC(312) Pause Young (G1 Evacuation Pause) 181M->2M(300M) 1,338ms
[42,189s][info][gc] GC(313) Pause Young (G1 Evacuation Pause) 181M->2M(300M) 1,204ms
[42,348s][info][gc] GC(314) Pause Young (G1 Evacuation Pause) 181M->2M(300M) 0,869ms
[42,480s][info][gc] GC(315) Pause Young (G1 Evacuation Pause) 181M->2M(300M) 1,681ms
[42,606s][info][gc] GC(316) Pause Young (G1 Evacuation Pause) 181M->2M(300M) 1,170ms
[42,729s][info][gc] GC(317) Pause Young (G1 Evacuation Pause) 181M->2M(300M) 1,492ms
[42,852s][info][gc] GC(318) Pause Young (G1 Evacuation Pause) 181M->2M(300M) 1,126ms
[42,976s][info][gc] GC(319) Pause Young (G1 Evacuation Pause) 181M->2M(300M) 1,217ms
[43,099s][info][gc] GC(320) Pause Young (G1 Evacuation Pause) 181M->2M(300M) 0,928ms
[43,222s][info][gc] GC(321) Pause Young (G1 Evacuation Pause) 181M->2M(300M) 1,135ms
[43,345s][info][gc] GC(322) Pause Young (G1 Evacuation Pause) 181M->2M(300M) 1,562ms
[43,471s][info][gc] GC(323) Pause Young (G1 Evacuation Pause) 181M->2M(300M) 1,201ms
[43,601s][info][gc] GC(324) Pause Young (G1 Evacuation Pause) 181M->2M(300M) 1,120ms
[43,724s][info][gc] GC(325) Pause Young (G1 Evacuation Pause) 181M->2M(300M) 0,899ms
[43,853s][info][gc] GC(326) Pause Young (G1 Evacuation Pause) 181M->2M(300M) 1,379ms
[43,982s][info][gc] GC(327) Pause Young (G1 Evacuation Pause) 181M->2M(300M) 1,504ms
[44,105s][info][gc] GC(328) Pause Young (G1 Evacuation Pause) 181M->2M(300M) 1,258ms
[44,226s][info][gc] GC(329) Pause Young (G1 Evacuation Pause) 181M->2M(300M) 1,059ms
[44,351s][info][gc] GC(330) Pause Young (G1 Evacuation Pause) 181M->2M(300M) 1,265ms
[44,472s][info][gc] GC(331) Pause Young (G1 Evacuation Pause) 181M->2M(300M) 1,049ms
[44,597s][info][gc] GC(332) Pause Young (G1 Evacuation Pause) 181M->2M(300M) 1,376ms
[44,720s][info][gc] GC(333) Pause Young (G1 Evacuation Pause) 181M->2M(300M) 1,229ms
[44,848s][info][gc] GC(334) Pause Young (G1 Evacuation Pause) 181M->2M(300M) 1,672ms
[44,976s][info][gc] GC(335) Pause Young (G1 Evacuation Pause) 181M->2M(300M) 0,882ms
[45,104s][info][gc] GC(336) Pause Young (G1 Evacuation Pause) 181M->2M(300M) 1,684ms
[45,227s][info][gc] GC(337) Pause Young (G1 Evacuation Pause) 181M->2M(300M) 0,892ms
[45,352s][info][gc] GC(338) Pause Young (G1 Evacuation Pause) 181M->2M(300M) 1,105ms
[45,475s][info][gc] GC(339) Pause Young (G1 Evacuation Pause) 181M->2M(300M) 0,813ms
[45,602s][info][gc] GC(340) Pause Young (G1 Evacuation Pause) 181M->2M(300M) 2,142ms
[45,724s][info][gc] GC(341) Pause Young (G1 Evacuation Pause) 181M->2M(300M) 0,946ms
[45,850s][info][gc] GC(342) Pause Young (G1 Evacuation Pause) 181M->2M(300M) 2,251ms
[45,975s][info][gc] GC(343) Pause Young (G1 Evacuation Pause) 181M->2M(300M) 0,916ms
[46,095s][info][gc] GC(344) Pause Young (G1 Evacuation Pause) 181M->2M(300M) 1,035ms
[46,221s][info][gc] GC(345) Pause Young (G1 Evacuation Pause) 181M->2M(300M) 1,063ms
[46,349s][info][gc] GC(346) Pause Young (G1 Evacuation Pause) 181M->2M(300M) 1,448ms
[46,478s][info][gc] GC(347) Pause Young (G1 Evacuation Pause) 181M->2M(300M) 1,069ms
[46,606s][info][gc] GC(348) Pause Young (G1 Evacuation Pause) 181M->2M(300M) 1,748ms
[46,729s][info][gc] GC(349) Pause Young (G1 Evacuation Pause) 181M->2M(300M) 0,887ms
[46,866s][info][gc] GC(350) Pause Young (G1 Evacuation Pause) 181M->2M(300M) 1,106ms
[46,992s][info][gc] GC(351) Pause Young (G1 Evacuation Pause) 181M->2M(300M) 1,119ms
[47,114s][info][gc] GC(352) Pause Young (G1 Evacuation Pause) 181M->2M(300M) 1,334ms
[47,241s][info][gc] GC(353) Pause Young (G1 Evacuation Pause) 181M->2M(300M) 2,276ms
[47,371s][info][gc] GC(354) Pause Young (G1 Evacuation Pause) 181M->2M(300M) 0,892ms
[47,496s][info][gc] GC(355) Pause Young (G1 Evacuation Pause) 181M->2M(300M) 0,903ms
[47,621s][info][gc] GC(356) Pause Young (G1 Evacuation Pause) 181M->2M(300M) 1,114ms
[47,743s][info][gc] GC(357) Pause Young (G1 Evacuation Pause) 181M->2M(300M) 1,206ms
[47,866s][info][gc] GC(358) Pause Young (G1 Evacuation Pause) 181M->2M(300M) 0,994ms
[47,995s][info][gc] GC(359) Pause Young (G1 Evacuation Pause) 181M->2M(300M) 1,532ms
[48,123s][info][gc] GC(360) Pause Young (G1 Evacuation Pause) 181M->2M(300M) 1,085ms
[48,248s][info][gc] GC(361) Pause Young (G1 Evacuation Pause) 181M->2M(300M) 1,156ms
[48,380s][info][gc] GC(362) Pause Young (G1 Evacuation Pause) 181M->2M(300M) 1,469ms
[48,508s][info][gc] GC(363) Pause Young (G1 Evacuation Pause) 181M->2M(300M) 1,090ms
[48,633s][info][gc] GC(364) Pause Young (G1 Evacuation Pause) 181M->2M(300M) 0,861ms
[48,755s][info][gc] GC(365) Pause Young (G1 Evacuation Pause) 181M->2M(300M) 0,911ms
[48,880s][info][gc] GC(366) Pause Young (G1 Evacuation Pause) 181M->2M(300M) 1,301ms
[49,018s][info][gc] GC(367) Pause Young (G1 Evacuation Pause) 181M->2M(300M) 1,402ms
[49,159s][info][gc] GC(368) Pause Young (G1 Evacuation Pause) 181M->2M(300M) 1,246ms
[49,300s][info][gc] GC(369) Pause Young (G1 Evacuation Pause) 181M->2M(300M) 0,889ms
[49,438s][info][gc] GC(370) Pause Young (G1 Evacuation Pause) 181M->2M(300M) 0,925ms
[49,558s][info][gc] GC(371) Pause Young (G1 Evacuation Pause) 181M->2M(300M) 0,882ms
[49,681s][info][gc] GC(372) Pause Young (G1 Evacuation Pause) 181M->2M(300M) 1,077ms
[49,807s][info][gc] GC(373) Pause Young (G1 Evacuation Pause) 181M->2M(300M) 0,975ms
[49,934s][info][gc] GC(374) Pause Young (G1 Evacuation Pause) 181M->2M(300M) 1,031ms
[50,060s][info][gc] GC(375) Pause Young (G1 Evacuation Pause) 181M->2M(300M) 1,103ms
[50,186s][info][gc] GC(376) Pause Young (G1 Evacuation Pause) 181M->2M(300M) 1,029ms
[50,309s][info][gc] GC(377) Pause Young (G1 Evacuation Pause) 181M->2M(300M) 1,301ms
[50,438s][info][gc] GC(378) Pause Young (G1 Evacuation Pause) 181M->2M(300M) 0,911ms
[50,561s][info][gc] GC(379) Pause Young (G1 Evacuation Pause) 181M->2M(300M) 1,290ms
[50,685s][info][gc] GC(380) Pause Young (G1 Evacuation Pause) 181M->2M(300M) 0,860ms
[50,799s][info][gc] GC(381) Pause Young (G1 Evacuation Pause) 181M->2M(300M) 1,062ms
[50,917s][info][gc] GC(382) Pause Young (G1 Evacuation Pause) 181M->2M(300M) 1,305ms
[51,044s][info][gc] GC(383) Pause Young (G1 Evacuation Pause) 181M->2M(300M) 0,922ms
[51,166s][info][gc] GC(384) Pause Young (G1 Evacuation Pause) 181M->2M(300M) 1,148ms
[51,289s][info][gc] GC(385) Pause Young (G1 Evacuation Pause) 181M->2M(300M) 0,896ms
[51,409s][info][gc] GC(386) Pause Young (G1 Evacuation Pause) 181M->2M(300M) 0,910ms
[51,534s][info][gc] GC(387) Pause Young (G1 Evacuation Pause) 181M->2M(300M) 1,182ms
[51,657s][info][gc] GC(388) Pause Young (G1 Evacuation Pause) 181M->2M(300M) 0,995ms
[51,790s][info][gc] GC(389) Pause Young (G1 Evacuation Pause) 181M->2M(300M) 1,159ms
[51,915s][info][gc] GC(390) Pause Young (G1 Evacuation Pause) 181M->2M(300M) 1,263ms
[52,036s][info][gc] GC(391) Pause Young (G1 Evacuation Pause) 181M->2M(300M) 1,508ms
[52,155s][info][gc] GC(392) Pause Young (G1 Evacuation Pause) 181M->2M(300M) 1,366ms
[52,273s][info][gc] GC(393) Pause Young (G1 Evacuation Pause) 181M->2M(300M) 0,987ms
[52,396s][info][gc] GC(394) Pause Young (G1 Evacuation Pause) 181M->2M(300M) 1,353ms
[52,519s][info][gc] GC(395) Pause Young (G1 Evacuation Pause) 181M->2M(300M) 1,300ms
[52,642s][info][gc] GC(396) Pause Young (G1 Evacuation Pause) 181M->2M(300M) 1,015ms
[52,775s][info][gc] GC(397) Pause Young (G1 Evacuation Pause) 181M->2M(300M) 1,084ms
[52,905s][info][gc] GC(398) Pause Young (G1 Evacuation Pause) 181M->2M(300M) 1,056ms
[53,028s][info][gc] GC(399) Pause Young (G1 Evacuation Pause) 181M->2M(300M) 1,104ms
[53,152s][info][gc] GC(400) Pause Young (G1 Evacuation Pause) 181M->2M(300M) 1,217ms
[53,272s][info][gc] GC(401) Pause Young (G1 Evacuation Pause) 181M->2M(300M) 1,162ms
[53,395s][info][gc] GC(402) Pause Young (G1 Evacuation Pause) 181M->2M(300M) 1,185ms
[53,520s][info][gc] GC(403) Pause Young (G1 Evacuation Pause) 181M->2M(300M) 0,979ms
[53,643s][info][gc] GC(404) Pause Young (G1 Evacuation Pause) 181M->2M(300M) 2,040ms
[53,765s][info][gc] GC(405) Pause Young (G1 Evacuation Pause) 181M->2M(300M) 0,904ms
[53,888s][info][gc] GC(406) Pause Young (G1 Evacuation Pause) 181M->2M(300M) 0,991ms
[54,012s][info][gc] GC(407) Pause Young (G1 Evacuation Pause) 181M->2M(300M) 0,876ms
