[0.011s][info][gc] Using G1
[0,598s][info][gc] GC(0) Pause Young (G1 Evacuation Pause) 15M->9M(60M) 32,905ms
[0,649s][info][gc] GC(1) Pause Young (G1 Evacuation Pause) 16M->15M(60M) 25,265ms
[0,724s][info][gc] GC(2) Pause Young (G1 Evacuation Pause) 24M->23M(60M) 37,603ms
[0,917s][info][gc] GC(3) Pause Young (G1 Evacuation Pause) 32M->29M(180M) 31,759ms
[2,170s][info][gc] GC(4) Pause Young (G1 Evacuation Pause) 52M->30M(180M) 12,284ms
[3,376s][info][gc] GC(5) Pause Young (G1 Evacuation Pause) 71M->33M(180M) 25,358ms
[3,838s][info][gc] GC(6) Pause Young (G1 Evacuation Pause) 95M->38M(180M) 8,300ms
[4,839s][info][gc] GC(7) Pause Young (G1 Evacuation Pause) 112M->42M(180M) 6,688ms
[5,310s][info][gc] GC(8) Pause Young (G1 Evacuation Pause) 135M->50M(180M) 8,466ms
[6,300s][info][gc] GC(9) Pause Young (G1 Evacuation Pause) 142M->56M(180M) 11,360ms
[7,296s][info][gc] GC(10) Pause Young (G1 Evacuation Pause) 152M->62M(180M) 8,816ms
[7,880s][info][gc] GC(11) Pause Young (G1 Evacuation Pause) 164M->70M(180M) 6,848ms
[8,842s][info][gc] GC(12) Pause Young (G1 Evacuation Pause) 165M->76M(180M) 7,804ms
[9,077s][info][gc] GC(13) Pause Initial Mark (G1 Humongous Allocation) 118M->80M(180M) 7,320ms
[9,077s][info][gc] GC(14) Concurrent Cycle
[9,161s][info][gc] GC(14) Pause Remark 88M->88M(180M) 3,090ms
[9,186s][info][gc] GC(14) Pause Cleanup 88M->39M(180M) 0,299ms
[9,187s][info][gc] GC(14) Concurrent Cycle 109,663ms
[9,963s][info][gc] GC(15) Pause Young (G1 Evacuation Pause) 93M->34M(180M) 7,146ms
[10,764s][info][gc] GC(16) Pause Young (G1 Evacuation Pause) 136M->41M(180M) 15,601ms
[11,524s][info][gc] GC(17) Pause Young (G1 Evacuation Pause) 143M->49M(180M) 9,216ms
[12,539s][info][gc] GC(18) Pause Young (G1 Evacuation Pause) 147M->55M(180M) 6,418ms
[13,547s][info][gc] GC(19) Pause Young (G1 Evacuation Pause) 153M->61M(180M) 9,544ms
[14,047s][info][gc] GC(20) Pause Young (G1 Evacuation Pause) 164M->70M(180M) 3,135ms
[15,017s][info][gc] GC(21) Pause Young (G1 Evacuation Pause) 160M->75M(180M) 2,596ms
[15,171s][info][gc] GC(22) Pause Initial Mark (G1 Humongous Allocation) 103M->78M(180M) 2,239ms
[15,171s][info][gc] GC(23) Concurrent Cycle
[15,296s][info][gc] GC(23) Pause Remark 93M->93M(180M) 2,932ms
[15,329s][info][gc] GC(23) Pause Cleanup 97M->50M(180M) 0,277ms
[15,331s][info][gc] GC(23) Concurrent Cycle 159,765ms
[16,203s][info][gc] GC(24) Pause Young (G1 Evacuation Pause) 113M->35M(180M) 2,504ms
[17,164s][info][gc] GC(25) Pause Young (G1 Evacuation Pause) 155M->44M(180M) 2,982ms
[18,094s][info][gc] GC(26) Pause Young (G1 Evacuation Pause) 171M->54M(180M) 3,566ms
[19,142s][info][gc] GC(27) Pause Young (G1 Evacuation Pause) 169M->62M(180M) 2,573ms
[20,231s][info][gc] GC(28) Pause Young (G1 Evacuation Pause) 167M->69M(180M) 2,457ms
[21,273s][info][gc] GC(29) Pause Initial Mark (G1 Humongous Allocation) 167M->75M(180M) 2,967ms
[21,273s][info][gc] GC(30) Concurrent Cycle
[21,412s][info][gc] GC(30) Pause Remark 91M->91M(180M) 3,018ms
[21,440s][info][gc] GC(30) Pause Cleanup 95M->51M(180M) 0,264ms
[21,441s][info][gc] GC(30) Concurrent Cycle 168,336ms
[21,855s][info][gc] GC(31) Pause Young (G1 Evacuation Pause) 130M->39M(180M) 2,515ms
[23,027s][info][gc] GC(32) Pause Young (G1 Evacuation Pause) 162M->48M(180M) 2,525ms
