[0.013s][info][gc] Using G1
[0,980s][info][gc] GC(0) Pause Young (G1 Evacuation Pause) 15M->2M(60M) 23,672ms
[1,268s][info][gc] GC(1) Pause Young (G1 Evacuation Pause) 36M->2M(60M) 7,659ms
[1,568s][info][gc] GC(2) Pause Young (G1 Evacuation Pause) 36M->2M(60M) 16,021ms
[1,822s][info][gc] GC(3) Pause Young (G1 Evacuation Pause) 36M->2M(180M) 18,115ms
[2,069s][info][gc] GC(4) Pause Young (G1 Evacuation Pause) 58M->2M(180M) 5,491ms
[2,279s][info][gc] GC(5) Pause Young (G1 Evacuation Pause) 85M->2M(180M) 5,617ms
[2,481s][info][gc] GC(6) Pause Young (G1 Evacuation Pause) 106M->2M(180M) 8,366ms
[2,671s][info][gc] GC(7) Pause Young (G1 Evacuation Pause) 108M->2M(180M) 7,624ms
[2,888s][info][gc] GC(8) Pause Young (G1 Evacuation Pause) 108M->2M(180M) 14,099ms
[3,135s][info][gc] GC(9) Pause Young (G1 Evacuation Pause) 108M->2M(180M) 30,106ms
[3,325s][info][gc] GC(10) Pause Young (G1 Evacuation Pause) 108M->2M(180M) 6,799ms
[3,454s][info][gc] GC(11) Pause Young (G1 Evacuation Pause) 108M->2M(180M) 6,219ms
[3,570s][info][gc] GC(12) Pause Young (G1 Evacuation Pause) 108M->2M(180M) 10,056ms
[3,681s][info][gc] GC(13) Pause Young (G1 Evacuation Pause) 108M->2M(245M) 6,085ms
[4,077s][info][gc] GC(14) Pause Young (G1 Evacuation Pause) 147M->2M(245M) 5,426ms
[4,297s][info][gc] GC(15) Pause Young (G1 Evacuation Pause) 147M->2M(245M) 64,403ms
[4,458s][info][gc] GC(16) Pause Young (G1 Evacuation Pause) 148M->2M(245M) 1,823ms
[4,665s][info][gc] GC(17) Pause Young (G1 Evacuation Pause) 148M->2M(245M) 2,090ms
[4,832s][info][gc] GC(18) Pause Young (G1 Evacuation Pause) 148M->2M(245M) 2,078ms
[4,981s][info][gc] GC(19) Pause Young (G1 Evacuation Pause) 148M->2M(245M) 1,516ms
[5,171s][info][gc] GC(20) Pause Young (G1 Evacuation Pause) 148M->2M(245M) 1,565ms
[5,292s][info][gc] GC(21) Pause Young (G1 Evacuation Pause) 148M->2M(245M) 1,149ms
[5,422s][info][gc] GC(22) Pause Young (G1 Evacuation Pause) 148M->2M(245M) 0,829ms
[5,529s][info][gc] GC(23) Pause Young (G1 Evacuation Pause) 148M->2M(245M) 1,171ms
[5,633s][info][gc] GC(24) Pause Young (G1 Evacuation Pause) 148M->2M(245M) 0,890ms
[5,757s][info][gc] GC(25) Pause Young (G1 Evacuation Pause) 148M->2M(245M) 1,067ms
[5,885s][info][gc] GC(26) Pause Young (G1 Evacuation Pause) 148M->2M(245M) 1,048ms
[6,017s][info][gc] GC(27) Pause Young (G1 Evacuation Pause) 148M->2M(245M) 1,033ms
[6,165s][info][gc] GC(28) Pause Young (G1 Evacuation Pause) 148M->2M(245M) 1,682ms
[6,301s][info][gc] GC(29) Pause Young (G1 Evacuation Pause) 148M->2M(245M) 1,409ms
[6,436s][info][gc] GC(30) Pause Young (G1 Evacuation Pause) 148M->2M(245M) 5,859ms
[6,558s][info][gc] GC(31) Pause Young (G1 Evacuation Pause) 148M->2M(245M) 2,373ms
[6,695s][info][gc] GC(32) Pause Young (G1 Evacuation Pause) 148M->2M(245M) 1,256ms
[6,799s][info][gc] GC(33) Pause Young (G1 Evacuation Pause) 148M->2M(245M) 1,624ms
[6,898s][info][gc] GC(34) Pause Young (G1 Evacuation Pause) 148M->2M(245M) 0,875ms
[6,997s][info][gc] GC(35) Pause Young (G1 Evacuation Pause) 148M->2M(245M) 0,942ms
[7,091s][info][gc] GC(36) Pause Young (G1 Evacuation Pause) 148M->2M(245M) 0,932ms
[7,189s][info][gc] GC(37) Pause Young (G1 Evacuation Pause) 148M->2M(245M) 1,368ms
[7,282s][info][gc] GC(38) Pause Young (G1 Evacuation Pause) 148M->2M(245M) 1,236ms
[7,377s][info][gc] GC(39) Pause Young (G1 Evacuation Pause) 148M->2M(245M) 1,427ms
[7,480s][info][gc] GC(40) Pause Young (G1 Evacuation Pause) 148M->2M(245M) 2,572ms
[7,596s][info][gc] GC(41) Pause Young (G1 Evacuation Pause) 148M->2M(245M) 0,872ms
[7,693s][info][gc] GC(42) Pause Young (G1 Evacuation Pause) 148M->2M(245M) 0,894ms
[7,786s][info][gc] GC(43) Pause Young (G1 Evacuation Pause) 148M->2M(245M) 0,895ms
[7,878s][info][gc] GC(44) Pause Young (G1 Evacuation Pause) 148M->2M(245M) 1,268ms
[7,977s][info][gc] GC(45) Pause Young (G1 Evacuation Pause) 148M->2M(245M) 0,884ms
[8,085s][info][gc] GC(46) Pause Young (G1 Evacuation Pause) 148M->2M(245M) 1,229ms
[8,188s][info][gc] GC(47) Pause Young (G1 Evacuation Pause) 148M->2M(245M) 1,211ms
[8,296s][info][gc] GC(48) Pause Young (G1 Evacuation Pause) 148M->2M(245M) 1,877ms
[8,444s][info][gc] GC(49) Pause Young (G1 Evacuation Pause) 148M->2M(245M) 0,845ms
[8,617s][info][gc] GC(50) Pause Young (G1 Evacuation Pause) 148M->2M(245M) 1,332ms
[8,723s][info][gc] GC(51) Pause Young (G1 Evacuation Pause) 148M->2M(245M) 1,477ms
[8,816s][info][gc] GC(52) Pause Young (G1 Evacuation Pause) 148M->2M(245M) 0,991ms
[8,912s][info][gc] GC(53) Pause Young (G1 Evacuation Pause) 148M->2M(245M) 0,799ms
[9,006s][info][gc] GC(54) Pause Young (G1 Evacuation Pause) 148M->2M(245M) 1,556ms
[9,117s][info][gc] GC(55) Pause Young (G1 Evacuation Pause) 148M->2M(245M) 0,967ms
[9,289s][info][gc] GC(56) Pause Young (G1 Evacuation Pause) 148M->2M(245M) 1,172ms
[9,426s][info][gc] GC(57) Pause Young (G1 Evacuation Pause) 148M->2M(245M) 1,914ms
[9,535s][info][gc] GC(58) Pause Young (G1 Evacuation Pause) 148M->2M(245M) 0,920ms
[9,698s][info][gc] GC(59) Pause Young (G1 Evacuation Pause) 148M->2M(245M) 0,863ms
[9,869s][info][gc] GC(60) Pause Young (G1 Evacuation Pause) 148M->2M(245M) 0,791ms
