[0.123s][info][gc] Using G1
[1,495s][info][gc] GC(0) Pause Young (G1 Evacuation Pause) 15M->2M(60M) 12,426ms
[1,641s][info][gc] GC(1) Pause Young (G1 Evacuation Pause) 36M->2M(60M) 5,122ms
[1,758s][info][gc] GC(2) Pause Young (G1 Evacuation Pause) 36M->2M(60M) 4,570ms
[1,830s][info][gc] GC(3) Pause Young (G1 Evacuation Pause) 36M->2M(60M) 4,724ms
[1,913s][info][gc] GC(4) Pause Young (G1 Evacuation Pause) 36M->2M(180M) 10,882ms
[2,363s][info][gc] GC(5) Pause Young (G1 Evacuation Pause) 83M->2M(180M) 19,522ms
[2,688s][info][gc] GC(6) Pause Young (G1 Evacuation Pause) 107M->2M(180M) 40,710ms
[2,881s][info][gc] GC(7) Pause Young (G1 Evacuation Pause) 108M->2M(180M) 20,104ms
[3,050s][info][gc] GC(8) Pause Young (G1 Evacuation Pause) 108M->2M(267M) 9,323ms
[3,798s][info][gc] GC(9) Pause Young (G1 Evacuation Pause) 137M->2M(267M) 4,735ms
[3,934s][info][gc] GC(10) Pause Young (G1 Evacuation Pause) 160M->2M(267M) 3,748ms
[4,071s][info][gc] GC(11) Pause Young (G1 Evacuation Pause) 160M->2M(267M) 6,272ms
[4,201s][info][gc] GC(12) Pause Young (G1 Evacuation Pause) 160M->2M(267M) 4,538ms
[4,333s][info][gc] GC(13) Pause Young (G1 Evacuation Pause) 160M->2M(267M) 6,361ms
[4,453s][info][gc] GC(14) Pause Young (G1 Evacuation Pause) 160M->2M(267M) 4,178ms
[4,646s][info][gc] GC(15) Pause Young (G1 Evacuation Pause) 160M->2M(267M) 80,576ms
[4,757s][info][gc] GC(16) Pause Young (G1 Evacuation Pause) 161M->2M(267M) 1,254ms
[4,873s][info][gc] GC(17) Pause Young (G1 Evacuation Pause) 161M->2M(267M) 0,830ms
[4,980s][info][gc] GC(18) Pause Young (G1 Evacuation Pause) 161M->2M(267M) 0,976ms
[5,089s][info][gc] GC(19) Pause Young (G1 Evacuation Pause) 161M->2M(267M) 1,084ms
[5,196s][info][gc] GC(20) Pause Young (G1 Evacuation Pause) 161M->2M(267M) 0,966ms
[5,305s][info][gc] GC(21) Pause Young (G1 Evacuation Pause) 161M->2M(267M) 1,087ms
[5,417s][info][gc] GC(22) Pause Young (G1 Evacuation Pause) 161M->2M(267M) 1,884ms
[5,525s][info][gc] GC(23) Pause Young (G1 Evacuation Pause) 161M->2M(267M) 0,996ms
[5,641s][info][gc] GC(24) Pause Young (G1 Evacuation Pause) 161M->2M(267M) 1,676ms
[5,749s][info][gc] GC(25) Pause Young (G1 Evacuation Pause) 161M->2M(267M) 0,840ms
[5,858s][info][gc] GC(26) Pause Young (G1 Evacuation Pause) 161M->2M(267M) 0,910ms
[5,968s][info][gc] GC(27) Pause Young (G1 Evacuation Pause) 161M->2M(267M) 2,025ms
[6,078s][info][gc] GC(28) Pause Young (G1 Evacuation Pause) 161M->2M(267M) 1,050ms
[6,188s][info][gc] GC(29) Pause Young (G1 Evacuation Pause) 161M->2M(267M) 1,010ms
[6,296s][info][gc] GC(30) Pause Young (G1 Evacuation Pause) 161M->2M(267M) 1,070ms
[6,426s][info][gc] GC(31) Pause Young (G1 Evacuation Pause) 161M->2M(267M) 1,410ms
[6,534s][info][gc] GC(32) Pause Young (G1 Evacuation Pause) 161M->2M(267M) 0,825ms
[6,640s][info][gc] GC(33) Pause Young (G1 Evacuation Pause) 161M->2M(267M) 0,854ms
[6,755s][info][gc] GC(34) Pause Young (G1 Evacuation Pause) 161M->2M(267M) 0,927ms
[6,867s][info][gc] GC(35) Pause Young (G1 Evacuation Pause) 161M->2M(267M) 1,046ms
[6,975s][info][gc] GC(36) Pause Young (G1 Evacuation Pause) 161M->2M(267M) 0,964ms
[7,084s][info][gc] GC(37) Pause Young (G1 Evacuation Pause) 161M->2M(267M) 1,093ms
[7,195s][info][gc] GC(38) Pause Young (G1 Evacuation Pause) 161M->2M(267M) 2,087ms
[7,306s][info][gc] GC(39) Pause Young (G1 Evacuation Pause) 161M->2M(267M) 1,109ms
[7,416s][info][gc] GC(40) Pause Young (G1 Evacuation Pause) 161M->2M(267M) 0,873ms
[7,523s][info][gc] GC(41) Pause Young (G1 Evacuation Pause) 161M->2M(267M) 1,080ms
[7,639s][info][gc] GC(42) Pause Young (G1 Evacuation Pause) 161M->2M(267M) 0,914ms
[7,749s][info][gc] GC(43) Pause Young (G1 Evacuation Pause) 161M->2M(267M) 1,453ms
[7,863s][info][gc] GC(44) Pause Young (G1 Evacuation Pause) 161M->2M(267M) 1,501ms
[7,974s][info][gc] GC(45) Pause Young (G1 Evacuation Pause) 161M->2M(267M) 0,881ms
[8,084s][info][gc] GC(46) Pause Young (G1 Evacuation Pause) 161M->2M(267M) 0,996ms
[8,211s][info][gc] GC(47) Pause Young (G1 Evacuation Pause) 161M->2M(267M) 1,093ms
[8,321s][info][gc] GC(48) Pause Young (G1 Evacuation Pause) 161M->2M(267M) 0,890ms
[8,431s][info][gc] GC(49) Pause Young (G1 Evacuation Pause) 161M->2M(267M) 1,771ms
[8,560s][info][gc] GC(50) Pause Young (G1 Evacuation Pause) 161M->2M(267M) 1,118ms
[8,673s][info][gc] GC(51) Pause Young (G1 Evacuation Pause) 161M->2M(267M) 0,992ms
[8,781s][info][gc] GC(52) Pause Young (G1 Evacuation Pause) 161M->2M(267M) 0,863ms
[8,900s][info][gc] GC(53) Pause Young (G1 Evacuation Pause) 161M->2M(267M) 2,016ms
[9,010s][info][gc] GC(54) Pause Young (G1 Evacuation Pause) 161M->2M(267M) 0,995ms
[9,123s][info][gc] GC(55) Pause Young (G1 Evacuation Pause) 161M->2M(267M) 0,960ms
[9,232s][info][gc] GC(56) Pause Young (G1 Evacuation Pause) 161M->2M(267M) 0,910ms
[9,367s][info][gc] GC(57) Pause Young (G1 Evacuation Pause) 161M->2M(267M) 0,994ms
[9,476s][info][gc] GC(58) Pause Young (G1 Evacuation Pause) 161M->2M(267M) 0,936ms
[9,587s][info][gc] GC(59) Pause Young (G1 Evacuation Pause) 161M->2M(267M) 0,918ms
[9,694s][info][gc] GC(60) Pause Young (G1 Evacuation Pause) 161M->2M(267M) 0,981ms
[9,802s][info][gc] GC(61) Pause Young (G1 Evacuation Pause) 161M->2M(267M) 0,982ms
[9,914s][info][gc] GC(62) Pause Young (G1 Evacuation Pause) 161M->2M(267M) 1,072ms
[10,022s][info][gc] GC(63) Pause Young (G1 Evacuation Pause) 161M->2M(267M) 1,156ms
[10,131s][info][gc] GC(64) Pause Young (G1 Evacuation Pause) 161M->2M(267M) 1,087ms
[10,238s][info][gc] GC(65) Pause Young (G1 Evacuation Pause) 161M->2M(267M) 0,871ms
[10,359s][info][gc] GC(66) Pause Young (G1 Evacuation Pause) 161M->2M(267M) 2,105ms
[10,467s][info][gc] GC(67) Pause Young (G1 Evacuation Pause) 161M->2M(267M) 1,054ms
[10,574s][info][gc] GC(68) Pause Young (G1 Evacuation Pause) 161M->2M(267M) 1,204ms
[10,682s][info][gc] GC(69) Pause Young (G1 Evacuation Pause) 161M->2M(267M) 1,004ms
[10,788s][info][gc] GC(70) Pause Young (G1 Evacuation Pause) 161M->2M(267M) 0,934ms
[10,897s][info][gc] GC(71) Pause Young (G1 Evacuation Pause) 161M->2M(267M) 0,844ms
[11,005s][info][gc] GC(72) Pause Young (G1 Evacuation Pause) 161M->2M(267M) 0,775ms
[11,115s][info][gc] GC(73) Pause Young (G1 Evacuation Pause) 161M->2M(267M) 1,405ms
[11,221s][info][gc] GC(74) Pause Young (G1 Evacuation Pause) 161M->2M(267M) 1,077ms
[11,330s][info][gc] GC(75) Pause Young (G1 Evacuation Pause) 161M->2M(267M) 0,815ms
[11,447s][info][gc] GC(76) Pause Young (G1 Evacuation Pause) 161M->2M(267M) 1,229ms
[11,568s][info][gc] GC(77) Pause Young (G1 Evacuation Pause) 161M->2M(267M) 2,867ms
[11,687s][info][gc] GC(78) Pause Young (G1 Evacuation Pause) 161M->2M(267M) 1,043ms
[11,803s][info][gc] GC(79) Pause Young (G1 Evacuation Pause) 161M->2M(267M) 2,357ms
[11,929s][info][gc] GC(80) Pause Young (G1 Evacuation Pause) 161M->2M(267M) 1,025ms
[12,040s][info][gc] GC(81) Pause Young (G1 Evacuation Pause) 161M->2M(267M) 1,055ms
[12,149s][info][gc] GC(82) Pause Young (G1 Evacuation Pause) 161M->2M(267M) 1,144ms
[12,268s][info][gc] GC(83) Pause Young (G1 Evacuation Pause) 161M->2M(267M) 2,138ms
[12,379s][info][gc] GC(84) Pause Young (G1 Evacuation Pause) 161M->2M(267M) 1,316ms
[12,487s][info][gc] GC(85) Pause Young (G1 Evacuation Pause) 161M->2M(267M) 1,194ms
[12,597s][info][gc] GC(86) Pause Young (G1 Evacuation Pause) 161M->2M(267M) 1,260ms
[12,705s][info][gc] GC(87) Pause Young (G1 Evacuation Pause) 161M->2M(267M) 0,940ms
[12,817s][info][gc] GC(88) Pause Young (G1 Evacuation Pause) 161M->2M(267M) 1,123ms
[12,925s][info][gc] GC(89) Pause Young (G1 Evacuation Pause) 161M->2M(267M) 1,586ms
[13,033s][info][gc] GC(90) Pause Young (G1 Evacuation Pause) 161M->2M(267M) 0,840ms
[13,140s][info][gc] GC(91) Pause Young (G1 Evacuation Pause) 161M->2M(267M) 0,948ms
[13,247s][info][gc] GC(92) Pause Young (G1 Evacuation Pause) 161M->2M(267M) 1,130ms
[13,356s][info][gc] GC(93) Pause Young (G1 Evacuation Pause) 161M->2M(267M) 1,025ms
[13,462s][info][gc] GC(94) Pause Young (G1 Evacuation Pause) 161M->2M(267M) 0,904ms
[13,572s][info][gc] GC(95) Pause Young (G1 Evacuation Pause) 161M->2M(267M) 0,831ms
[13,683s][info][gc] GC(96) Pause Young (G1 Evacuation Pause) 161M->2M(267M) 1,479ms
[13,791s][info][gc] GC(97) Pause Young (G1 Evacuation Pause) 161M->2M(267M) 1,205ms
[13,902s][info][gc] GC(98) Pause Young (G1 Evacuation Pause) 161M->2M(267M) 1,167ms
[14,008s][info][gc] GC(99) Pause Young (G1 Evacuation Pause) 161M->2M(267M) 1,064ms
[14,118s][info][gc] GC(100) Pause Young (G1 Evacuation Pause) 161M->2M(267M) 1,279ms
[14,225s][info][gc] GC(101) Pause Young (G1 Evacuation Pause) 161M->2M(267M) 1,128ms
[14,334s][info][gc] GC(102) Pause Young (G1 Evacuation Pause) 161M->2M(267M) 1,671ms
[14,440s][info][gc] GC(103) Pause Young (G1 Evacuation Pause) 161M->2M(267M) 0,840ms
[14,547s][info][gc] GC(104) Pause Young (G1 Evacuation Pause) 161M->2M(267M) 1,000ms
[14,655s][info][gc] GC(105) Pause Young (G1 Evacuation Pause) 161M->2M(267M) 1,195ms
[14,762s][info][gc] GC(106) Pause Young (G1 Evacuation Pause) 161M->2M(267M) 1,289ms
[14,885s][info][gc] GC(107) Pause Young (G1 Evacuation Pause) 161M->2M(267M) 1,626ms
[14,992s][info][gc] GC(108) Pause Young (G1 Evacuation Pause) 161M->2M(267M) 0,832ms
[15,099s][info][gc] GC(109) Pause Young (G1 Evacuation Pause) 161M->2M(267M) 1,313ms
[15,207s][info][gc] GC(110) Pause Young (G1 Evacuation Pause) 161M->2M(267M) 1,210ms
[15,316s][info][gc] GC(111) Pause Young (G1 Evacuation Pause) 161M->2M(267M) 0,893ms
[15,433s][info][gc] GC(112) Pause Young (G1 Evacuation Pause) 161M->2M(267M) 2,385ms
[15,541s][info][gc] GC(113) Pause Young (G1 Evacuation Pause) 161M->2M(267M) 1,017ms
[15,648s][info][gc] GC(114) Pause Young (G1 Evacuation Pause) 161M->2M(267M) 1,231ms
[15,968s][info][gc] GC(115) Pause Young (G1 Evacuation Pause) 161M->2M(267M) 1,130ms
[16,077s][info][gc] GC(116) Pause Young (G1 Evacuation Pause) 161M->2M(267M) 0,993ms
[16,185s][info][gc] GC(117) Pause Young (G1 Evacuation Pause) 161M->2M(267M) 0,912ms
[16,295s][info][gc] GC(118) Pause Young (G1 Evacuation Pause) 161M->2M(267M) 0,950ms
[16,409s][info][gc] GC(119) Pause Young (G1 Evacuation Pause) 161M->2M(267M) 0,958ms
[16,516s][info][gc] GC(120) Pause Young (G1 Evacuation Pause) 161M->2M(267M) 0,982ms
[16,625s][info][gc] GC(121) Pause Young (G1 Evacuation Pause) 161M->2M(267M) 1,144ms
[16,734s][info][gc] GC(122) Pause Young (G1 Evacuation Pause) 161M->2M(267M) 0,795ms
[16,846s][info][gc] GC(123) Pause Young (G1 Evacuation Pause) 161M->2M(267M) 1,327ms
[16,955s][info][gc] GC(124) Pause Young (G1 Evacuation Pause) 161M->2M(267M) 0,975ms
[17,061s][info][gc] GC(125) Pause Young (G1 Evacuation Pause) 161M->2M(267M) 1,141ms
[17,170s][info][gc] GC(126) Pause Young (G1 Evacuation Pause) 161M->2M(267M) 1,090ms
[17,279s][info][gc] GC(127) Pause Young (G1 Evacuation Pause) 161M->2M(267M) 1,043ms
[17,391s][info][gc] GC(128) Pause Young (G1 Evacuation Pause) 161M->2M(267M) 1,109ms
[17,500s][info][gc] GC(129) Pause Young (G1 Evacuation Pause) 161M->2M(267M) 1,484ms
[17,607s][info][gc] GC(130) Pause Young (G1 Evacuation Pause) 161M->2M(267M) 1,088ms
[17,716s][info][gc] GC(131) Pause Young (G1 Evacuation Pause) 161M->2M(267M) 1,162ms
[17,827s][info][gc] GC(132) Pause Young (G1 Evacuation Pause) 161M->2M(267M) 0,842ms
[17,937s][info][gc] GC(133) Pause Young (G1 Evacuation Pause) 161M->2M(267M) 1,238ms
[18,048s][info][gc] GC(134) Pause Young (G1 Evacuation Pause) 161M->2M(267M) 2,467ms
[18,159s][info][gc] GC(135) Pause Young (G1 Evacuation Pause) 161M->2M(267M) 1,257ms
[18,267s][info][gc] GC(136) Pause Young (G1 Evacuation Pause) 161M->2M(267M) 1,251ms
[18,381s][info][gc] GC(137) Pause Young (G1 Evacuation Pause) 161M->2M(267M) 1,077ms
[18,487s][info][gc] GC(138) Pause Young (G1 Evacuation Pause) 161M->2M(267M) 0,842ms
[18,592s][info][gc] GC(139) Pause Young (G1 Evacuation Pause) 161M->2M(267M) 1,058ms
[18,704s][info][gc] GC(140) Pause Young (G1 Evacuation Pause) 161M->2M(267M) 1,905ms
[18,812s][info][gc] GC(141) Pause Young (G1 Evacuation Pause) 161M->2M(267M) 0,908ms
[18,924s][info][gc] GC(142) Pause Young (G1 Evacuation Pause) 161M->2M(267M) 1,123ms
[19,031s][info][gc] GC(143) Pause Young (G1 Evacuation Pause) 161M->2M(267M) 0,924ms
[19,140s][info][gc] GC(144) Pause Young (G1 Evacuation Pause) 161M->2M(267M) 1,223ms
[19,262s][info][gc] GC(145) Pause Young (G1 Evacuation Pause) 161M->2M(267M) 0,812ms
[19,375s][info][gc] GC(146) Pause Young (G1 Evacuation Pause) 161M->2M(267M) 1,083ms
[19,481s][info][gc] GC(147) Pause Young (G1 Evacuation Pause) 161M->2M(267M) 0,878ms
[19,585s][info][gc] GC(148) Pause Young (G1 Evacuation Pause) 161M->2M(267M) 0,968ms
[19,691s][info][gc] GC(149) Pause Young (G1 Evacuation Pause) 161M->2M(267M) 1,068ms
[19,807s][info][gc] GC(150) Pause Young (G1 Evacuation Pause) 161M->2M(267M) 2,390ms
[19,923s][info][gc] GC(151) Pause Young (G1 Evacuation Pause) 161M->2M(267M) 1,044ms
[20,029s][info][gc] GC(152) Pause Young (G1 Evacuation Pause) 161M->2M(267M) 0,985ms
[20,136s][info][gc] GC(153) Pause Young (G1 Evacuation Pause) 161M->2M(267M) 1,016ms
[20,244s][info][gc] GC(154) Pause Young (G1 Evacuation Pause) 161M->2M(267M) 1,567ms
[20,353s][info][gc] GC(155) Pause Young (G1 Evacuation Pause) 161M->2M(267M) 0,903ms
[20,463s][info][gc] GC(156) Pause Young (G1 Evacuation Pause) 161M->2M(267M) 2,134ms
[20,572s][info][gc] GC(157) Pause Young (G1 Evacuation Pause) 161M->2M(267M) 1,010ms
[20,680s][info][gc] GC(158) Pause Young (G1 Evacuation Pause) 161M->2M(267M) 0,921ms
[20,798s][info][gc] GC(159) Pause Young (G1 Evacuation Pause) 161M->2M(267M) 1,082ms
[20,910s][info][gc] GC(160) Pause Young (G1 Evacuation Pause) 161M->2M(267M) 1,396ms
[21,020s][info][gc] GC(161) Pause Young (G1 Evacuation Pause) 161M->2M(267M) 1,004ms
[21,126s][info][gc] GC(162) Pause Young (G1 Evacuation Pause) 161M->2M(267M) 0,957ms
[21,234s][info][gc] GC(163) Pause Young (G1 Evacuation Pause) 161M->2M(267M) 0,958ms
[21,344s][info][gc] GC(164) Pause Young (G1 Evacuation Pause) 161M->2M(267M) 0,807ms
[21,451s][info][gc] GC(165) Pause Young (G1 Evacuation Pause) 161M->2M(267M) 1,521ms
[21,559s][info][gc] GC(166) Pause Young (G1 Evacuation Pause) 161M->2M(267M) 1,160ms
[21,676s][info][gc] GC(167) Pause Young (G1 Evacuation Pause) 161M->2M(267M) 0,810ms
[21,784s][info][gc] GC(168) Pause Young (G1 Evacuation Pause) 161M->2M(267M) 1,094ms
[21,894s][info][gc] GC(169) Pause Young (G1 Evacuation Pause) 161M->2M(267M) 1,165ms
[22,003s][info][gc] GC(170) Pause Young (G1 Evacuation Pause) 161M->2M(267M) 0,902ms
[22,116s][info][gc] GC(171) Pause Young (G1 Evacuation Pause) 161M->2M(267M) 1,149ms
[22,230s][info][gc] GC(172) Pause Young (G1 Evacuation Pause) 161M->2M(267M) 1,042ms
[22,341s][info][gc] GC(173) Pause Young (G1 Evacuation Pause) 161M->2M(267M) 0,815ms
[22,454s][info][gc] GC(174) Pause Young (G1 Evacuation Pause) 161M->2M(267M) 0,839ms
[22,569s][info][gc] GC(175) Pause Young (G1 Evacuation Pause) 161M->2M(267M) 2,021ms
[22,679s][info][gc] GC(176) Pause Young (G1 Evacuation Pause) 161M->2M(267M) 0,935ms
[22,788s][info][gc] GC(177) Pause Young (G1 Evacuation Pause) 161M->2M(267M) 1,211ms
[22,907s][info][gc] GC(178) Pause Young (G1 Evacuation Pause) 161M->2M(267M) 0,914ms
[23,021s][info][gc] GC(179) Pause Young (G1 Evacuation Pause) 161M->2M(267M) 1,184ms
[23,139s][info][gc] GC(180) Pause Young (G1 Evacuation Pause) 161M->2M(267M) 1,103ms
[23,254s][info][gc] GC(181) Pause Young (G1 Evacuation Pause) 161M->2M(267M) 1,117ms
[23,365s][info][gc] GC(182) Pause Young (G1 Evacuation Pause) 161M->2M(267M) 1,200ms
[23,477s][info][gc] GC(183) Pause Young (G1 Evacuation Pause) 161M->2M(267M) 2,540ms
[23,591s][info][gc] GC(184) Pause Young (G1 Evacuation Pause) 161M->2M(267M) 1,163ms
[23,701s][info][gc] GC(185) Pause Young (G1 Evacuation Pause) 161M->2M(267M) 1,167ms
[23,816s][info][gc] GC(186) Pause Young (G1 Evacuation Pause) 161M->2M(267M) 1,147ms
[23,936s][info][gc] GC(187) Pause Young (G1 Evacuation Pause) 161M->2M(267M) 1,167ms
[24,047s][info][gc] GC(188) Pause Young (G1 Evacuation Pause) 161M->2M(267M) 1,044ms
[24,157s][info][gc] GC(189) Pause Young (G1 Evacuation Pause) 161M->2M(267M) 1,311ms
[24,294s][info][gc] GC(190) Pause Young (G1 Evacuation Pause) 161M->2M(267M) 1,084ms
[24,419s][info][gc] GC(191) Pause Young (G1 Evacuation Pause) 161M->2M(267M) 1,148ms
[24,538s][info][gc] GC(192) Pause Young (G1 Evacuation Pause) 161M->2M(267M) 1,251ms
[24,648s][info][gc] GC(193) Pause Young (G1 Evacuation Pause) 161M->2M(267M) 0,861ms
[24,758s][info][gc] GC(194) Pause Young (G1 Evacuation Pause) 161M->2M(267M) 1,085ms
[24,869s][info][gc] GC(195) Pause Young (G1 Evacuation Pause) 161M->2M(267M) 0,867ms
[24,977s][info][gc] GC(196) Pause Young (G1 Evacuation Pause) 161M->2M(267M) 1,178ms
[25,088s][info][gc] GC(197) Pause Young (G1 Evacuation Pause) 161M->2M(267M) 2,433ms
[25,199s][info][gc] GC(198) Pause Young (G1 Evacuation Pause) 161M->2M(267M) 0,893ms
[25,313s][info][gc] GC(199) Pause Young (G1 Evacuation Pause) 161M->2M(267M) 0,825ms
[25,426s][info][gc] GC(200) Pause Young (G1 Evacuation Pause) 161M->2M(267M) 0,994ms
[25,540s][info][gc] GC(201) Pause Young (G1 Evacuation Pause) 161M->2M(267M) 1,949ms
[25,649s][info][gc] GC(202) Pause Young (G1 Evacuation Pause) 161M->2M(267M) 1,102ms
[25,758s][info][gc] GC(203) Pause Young (G1 Evacuation Pause) 161M->2M(267M) 1,107ms
[25,872s][info][gc] GC(204) Pause Young (G1 Evacuation Pause) 161M->2M(267M) 1,082ms
[25,980s][info][gc] GC(205) Pause Young (G1 Evacuation Pause) 161M->2M(267M) 1,269ms
[26,090s][info][gc] GC(206) Pause Young (G1 Evacuation Pause) 161M->2M(267M) 2,115ms
[26,197s][info][gc] GC(207) Pause Young (G1 Evacuation Pause) 161M->2M(267M) 1,126ms
[26,309s][info][gc] GC(208) Pause Young (G1 Evacuation Pause) 161M->2M(267M) 0,878ms
[26,416s][info][gc] GC(209) Pause Young (G1 Evacuation Pause) 161M->2M(267M) 0,937ms
[26,531s][info][gc] GC(210) Pause Young (G1 Evacuation Pause) 161M->2M(267M) 1,159ms
[26,640s][info][gc] GC(211) Pause Young (G1 Evacuation Pause) 161M->2M(267M) 1,050ms
[26,749s][info][gc] GC(212) Pause Young (G1 Evacuation Pause) 161M->2M(267M) 1,378ms
[26,856s][info][gc] GC(213) Pause Young (G1 Evacuation Pause) 161M->2M(267M) 0,939ms
[26,963s][info][gc] GC(214) Pause Young (G1 Evacuation Pause) 161M->2M(267M) 0,891ms
[27,072s][info][gc] GC(215) Pause Young (G1 Evacuation Pause) 161M->2M(267M) 1,110ms
[27,184s][info][gc] GC(216) Pause Young (G1 Evacuation Pause) 161M->2M(267M) 1,174ms
[27,319s][info][gc] GC(217) Pause Young (G1 Evacuation Pause) 161M->2M(267M) 0,865ms
[27,427s][info][gc] GC(218) Pause Young (G1 Evacuation Pause) 161M->2M(267M) 1,153ms
[27,535s][info][gc] GC(219) Pause Young (G1 Evacuation Pause) 161M->2M(267M) 0,926ms
[27,644s][info][gc] GC(220) Pause Young (G1 Evacuation Pause) 161M->2M(267M) 1,438ms
[27,754s][info][gc] GC(221) Pause Young (G1 Evacuation Pause) 161M->2M(267M) 1,577ms
[27,865s][info][gc] GC(222) Pause Young (G1 Evacuation Pause) 161M->2M(267M) 1,059ms
[27,974s][info][gc] GC(223) Pause Young (G1 Evacuation Pause) 161M->2M(267M) 0,936ms
[28,096s][info][gc] GC(224) Pause Young (G1 Evacuation Pause) 161M->2M(267M) 1,527ms
[28,212s][info][gc] GC(225) Pause Young (G1 Evacuation Pause) 161M->2M(267M) 1,104ms
[28,329s][info][gc] GC(226) Pause Young (G1 Evacuation Pause) 161M->2M(267M) 1,139ms
[28,439s][info][gc] GC(227) Pause Young (G1 Evacuation Pause) 161M->2M(267M) 1,360ms
[28,546s][info][gc] GC(228) Pause Young (G1 Evacuation Pause) 161M->2M(267M) 1,134ms
[28,655s][info][gc] GC(229) Pause Young (G1 Evacuation Pause) 161M->2M(267M) 2,168ms
[28,763s][info][gc] GC(230) Pause Young (G1 Evacuation Pause) 161M->2M(267M) 1,190ms
[28,876s][info][gc] GC(231) Pause Young (G1 Evacuation Pause) 161M->2M(267M) 0,949ms
[28,987s][info][gc] GC(232) Pause Young (G1 Evacuation Pause) 161M->2M(267M) 1,659ms
[29,098s][info][gc] GC(233) Pause Young (G1 Evacuation Pause) 161M->2M(267M) 0,966ms
[29,210s][info][gc] GC(234) Pause Young (G1 Evacuation Pause) 161M->2M(267M) 1,904ms
[29,321s][info][gc] GC(235) Pause Young (G1 Evacuation Pause) 161M->2M(267M) 0,904ms
[29,430s][info][gc] GC(236) Pause Young (G1 Evacuation Pause) 161M->2M(267M) 1,049ms
[29,542s][info][gc] GC(237) Pause Young (G1 Evacuation Pause) 161M->2M(267M) 0,980ms
[29,651s][info][gc] GC(238) Pause Young (G1 Evacuation Pause) 161M->2M(267M) 1,137ms
[29,762s][info][gc] GC(239) Pause Young (G1 Evacuation Pause) 161M->2M(267M) 1,459ms
[29,875s][info][gc] GC(240) Pause Young (G1 Evacuation Pause) 161M->2M(267M) 1,227ms
[29,984s][info][gc] GC(241) Pause Young (G1 Evacuation Pause) 161M->2M(267M) 0,909ms
[30,105s][info][gc] GC(242) Pause Young (G1 Evacuation Pause) 161M->2M(267M) 0,783ms
[30,215s][info][gc] GC(243) Pause Young (G1 Evacuation Pause) 161M->2M(267M) 1,783ms
[30,328s][info][gc] GC(244) Pause Young (G1 Evacuation Pause) 161M->2M(267M) 1,088ms
[30,435s][info][gc] GC(245) Pause Young (G1 Evacuation Pause) 161M->2M(267M) 1,038ms
[30,541s][info][gc] GC(246) Pause Young (G1 Evacuation Pause) 161M->2M(267M) 0,843ms
[30,649s][info][gc] GC(247) Pause Young (G1 Evacuation Pause) 161M->2M(267M) 1,204ms
[30,765s][info][gc] GC(248) Pause Young (G1 Evacuation Pause) 161M->2M(267M) 1,985ms
[30,877s][info][gc] GC(249) Pause Young (G1 Evacuation Pause) 161M->2M(267M) 1,025ms
[31,004s][info][gc] GC(250) Pause Young (G1 Evacuation Pause) 161M->2M(267M) 1,317ms
[31,118s][info][gc] GC(251) Pause Young (G1 Evacuation Pause) 161M->2M(267M) 2,364ms
[31,227s][info][gc] GC(252) Pause Young (G1 Evacuation Pause) 161M->2M(267M) 0,815ms
[31,340s][info][gc] GC(253) Pause Young (G1 Evacuation Pause) 161M->2M(267M) 1,181ms
[31,450s][info][gc] GC(254) Pause Young (G1 Evacuation Pause) 161M->2M(267M) 0,821ms
[31,558s][info][gc] GC(255) Pause Young (G1 Evacuation Pause) 161M->2M(267M) 0,903ms
[31,670s][info][gc] GC(256) Pause Young (G1 Evacuation Pause) 161M->2M(267M) 1,969ms
[31,777s][info][gc] GC(257) Pause Young (G1 Evacuation Pause) 161M->2M(267M) 0,858ms
[31,887s][info][gc] GC(258) Pause Young (G1 Evacuation Pause) 161M->2M(267M) 0,965ms
[31,996s][info][gc] GC(259) Pause Young (G1 Evacuation Pause) 161M->2M(267M) 0,913ms
[32,109s][info][gc] GC(260) Pause Young (G1 Evacuation Pause) 161M->2M(267M) 1,458ms
[32,218s][info][gc] GC(261) Pause Young (G1 Evacuation Pause) 161M->2M(267M) 1,927ms
[32,345s][info][gc] GC(262) Pause Young (G1 Evacuation Pause) 161M->2M(267M) 0,909ms
[32,453s][info][gc] GC(263) Pause Young (G1 Evacuation Pause) 161M->2M(267M) 0,902ms
[32,563s][info][gc] GC(264) Pause Young (G1 Evacuation Pause) 161M->2M(267M) 0,847ms
[32,671s][info][gc] GC(265) Pause Young (G1 Evacuation Pause) 161M->2M(267M) 1,070ms
[32,782s][info][gc] GC(266) Pause Young (G1 Evacuation Pause) 161M->2M(267M) 1,201ms
[32,908s][info][gc] GC(267) Pause Young (G1 Evacuation Pause) 161M->2M(267M) 0,963ms
[33,013s][info][gc] GC(268) Pause Young (G1 Evacuation Pause) 161M->2M(267M) 1,138ms
[33,123s][info][gc] GC(269) Pause Young (G1 Evacuation Pause) 161M->2M(267M) 1,325ms
[33,235s][info][gc] GC(270) Pause Young (G1 Evacuation Pause) 161M->2M(267M) 1,183ms
[33,363s][info][gc] GC(271) Pause Young (G1 Evacuation Pause) 161M->2M(267M) 1,114ms
[33,469s][info][gc] GC(272) Pause Young (G1 Evacuation Pause) 161M->2M(267M) 0,901ms
[33,585s][info][gc] GC(273) Pause Young (G1 Evacuation Pause) 161M->2M(267M) 1,502ms
[33,694s][info][gc] GC(274) Pause Young (G1 Evacuation Pause) 161M->2M(267M) 1,063ms
[33,806s][info][gc] GC(275) Pause Young (G1 Evacuation Pause) 161M->2M(267M) 1,161ms
[33,918s][info][gc] GC(276) Pause Young (G1 Evacuation Pause) 161M->2M(267M) 0,961ms
[34,035s][info][gc] GC(277) Pause Young (G1 Evacuation Pause) 161M->2M(267M) 2,330ms
[34,149s][info][gc] GC(278) Pause Young (G1 Evacuation Pause) 161M->2M(267M) 1,264ms
[34,265s][info][gc] GC(279) Pause Young (G1 Evacuation Pause) 161M->2M(267M) 1,393ms
[34,375s][info][gc] GC(280) Pause Young (G1 Evacuation Pause) 161M->2M(267M) 1,086ms
[34,497s][info][gc] GC(281) Pause Young (G1 Evacuation Pause) 161M->2M(267M) 0,994ms
[34,605s][info][gc] GC(282) Pause Young (G1 Evacuation Pause) 161M->2M(267M) 0,950ms
[34,711s][info][gc] GC(283) Pause Young (G1 Evacuation Pause) 161M->2M(267M) 0,931ms
[34,826s][info][gc] GC(284) Pause Young (G1 Evacuation Pause) 161M->2M(267M) 1,297ms
[34,938s][info][gc] GC(285) Pause Young (G1 Evacuation Pause) 161M->2M(267M) 1,708ms
[35,046s][info][gc] GC(286) Pause Young (G1 Evacuation Pause) 161M->2M(267M) 1,196ms
[35,158s][info][gc] GC(287) Pause Young (G1 Evacuation Pause) 161M->2M(267M) 0,816ms
[35,268s][info][gc] GC(288) Pause Young (G1 Evacuation Pause) 161M->2M(267M) 0,820ms
[35,377s][info][gc] GC(289) Pause Young (G1 Evacuation Pause) 161M->2M(267M) 0,916ms
[35,485s][info][gc] GC(290) Pause Young (G1 Evacuation Pause) 161M->2M(267M) 1,079ms
[35,598s][info][gc] GC(291) Pause Young (G1 Evacuation Pause) 161M->2M(267M) 1,147ms
[35,705s][info][gc] GC(292) Pause Young (G1 Evacuation Pause) 161M->2M(267M) 1,551ms
[35,812s][info][gc] GC(293) Pause Young (G1 Evacuation Pause) 161M->2M(267M) 1,267ms
[35,921s][info][gc] GC(294) Pause Young (G1 Evacuation Pause) 161M->2M(267M) 0,852ms
[36,026s][info][gc] GC(295) Pause Young (G1 Evacuation Pause) 161M->2M(267M) 1,198ms
[36,135s][info][gc] GC(296) Pause Young (G1 Evacuation Pause) 161M->2M(267M) 0,947ms
[36,247s][info][gc] GC(297) Pause Young (G1 Evacuation Pause) 161M->2M(267M) 1,438ms
[36,356s][info][gc] GC(298) Pause Young (G1 Evacuation Pause) 161M->2M(267M) 1,295ms
[36,479s][info][gc] GC(299) Pause Young (G1 Evacuation Pause) 161M->2M(267M) 0,915ms
[36,586s][info][gc] GC(300) Pause Young (G1 Evacuation Pause) 161M->2M(267M) 1,264ms
[36,697s][info][gc] GC(301) Pause Young (G1 Evacuation Pause) 161M->2M(267M) 2,133ms
[36,807s][info][gc] GC(302) Pause Young (G1 Evacuation Pause) 161M->2M(267M) 0,818ms
[36,923s][info][gc] GC(303) Pause Young (G1 Evacuation Pause) 161M->2M(267M) 1,297ms
[37,037s][info][gc] GC(304) Pause Young (G1 Evacuation Pause) 161M->2M(267M) 1,135ms
[37,145s][info][gc] GC(305) Pause Young (G1 Evacuation Pause) 161M->2M(267M) 1,444ms
[37,255s][info][gc] GC(306) Pause Young (G1 Evacuation Pause) 161M->2M(267M) 1,019ms
[37,365s][info][gc] GC(307) Pause Young (G1 Evacuation Pause) 161M->2M(267M) 0,820ms
[37,475s][info][gc] GC(308) Pause Young (G1 Evacuation Pause) 161M->2M(267M) 1,175ms
[37,583s][info][gc] GC(309) Pause Young (G1 Evacuation Pause) 161M->2M(267M) 0,835ms
[37,691s][info][gc] GC(310) Pause Young (G1 Evacuation Pause) 161M->2M(267M) 0,980ms
[37,801s][info][gc] GC(311) Pause Young (G1 Evacuation Pause) 161M->2M(267M) 2,479ms
[37,914s][info][gc] GC(312) Pause Young (G1 Evacuation Pause) 161M->2M(267M) 1,340ms
[38,025s][info][gc] GC(313) Pause Young (G1 Evacuation Pause) 161M->2M(267M) 0,837ms
[38,133s][info][gc] GC(314) Pause Young (G1 Evacuation Pause) 161M->2M(267M) 0,972ms
[38,240s][info][gc] GC(315) Pause Young (G1 Evacuation Pause) 161M->2M(267M) 1,081ms
[38,350s][info][gc] GC(316) Pause Young (G1 Evacuation Pause) 161M->2M(267M) 1,350ms
[38,468s][info][gc] GC(317) Pause Young (G1 Evacuation Pause) 161M->2M(267M) 0,813ms
[38,576s][info][gc] GC(318) Pause Young (G1 Evacuation Pause) 161M->2M(267M) 0,956ms
[38,682s][info][gc] GC(319) Pause Young (G1 Evacuation Pause) 161M->2M(267M) 1,127ms
[38,790s][info][gc] GC(320) Pause Young (G1 Evacuation Pause) 161M->2M(267M) 1,010ms
[38,899s][info][gc] GC(321) Pause Young (G1 Evacuation Pause) 161M->2M(267M) 1,030ms
[39,012s][info][gc] GC(322) Pause Young (G1 Evacuation Pause) 161M->2M(267M) 2,390ms
[39,122s][info][gc] GC(323) Pause Young (G1 Evacuation Pause) 161M->2M(267M) 1,138ms
[39,230s][info][gc] GC(324) Pause Young (G1 Evacuation Pause) 161M->2M(267M) 1,127ms
[39,340s][info][gc] GC(325) Pause Young (G1 Evacuation Pause) 161M->2M(267M) 0,988ms
[39,476s][info][gc] GC(326) Pause Young (G1 Evacuation Pause) 161M->2M(267M) 0,789ms
[39,583s][info][gc] GC(327) Pause Young (G1 Evacuation Pause) 161M->2M(267M) 0,801ms
[39,690s][info][gc] GC(328) Pause Young (G1 Evacuation Pause) 161M->2M(267M) 0,838ms
[39,798s][info][gc] GC(329) Pause Young (G1 Evacuation Pause) 161M->2M(267M) 1,035ms
[39,910s][info][gc] GC(330) Pause Young (G1 Evacuation Pause) 161M->2M(267M) 1,568ms
[40,019s][info][gc] GC(331) Pause Young (G1 Evacuation Pause) 161M->2M(267M) 1,418ms
[40,126s][info][gc] GC(332) Pause Young (G1 Evacuation Pause) 161M->2M(267M) 0,831ms
[40,233s][info][gc] GC(333) Pause Young (G1 Evacuation Pause) 161M->2M(267M) 0,962ms
[40,341s][info][gc] GC(334) Pause Young (G1 Evacuation Pause) 161M->2M(267M) 1,111ms
[40,450s][info][gc] GC(335) Pause Young (G1 Evacuation Pause) 161M->2M(267M) 1,011ms
[40,556s][info][gc] GC(336) Pause Young (G1 Evacuation Pause) 161M->2M(267M) 1,096ms
[40,672s][info][gc] GC(337) Pause Young (G1 Evacuation Pause) 161M->2M(267M) 1,599ms
[40,783s][info][gc] GC(338) Pause Young (G1 Evacuation Pause) 161M->2M(267M) 1,012ms
[40,903s][info][gc] GC(339) Pause Young (G1 Evacuation Pause) 161M->2M(267M) 1,001ms
[41,024s][info][gc] GC(340) Pause Young (G1 Evacuation Pause) 161M->2M(267M) 1,035ms
[41,139s][info][gc] GC(341) Pause Young (G1 Evacuation Pause) 161M->2M(267M) 1,315ms
[41,252s][info][gc] GC(342) Pause Young (G1 Evacuation Pause) 161M->2M(267M) 0,908ms
[41,371s][info][gc] GC(343) Pause Young (G1 Evacuation Pause) 161M->2M(267M) 2,137ms
[41,483s][info][gc] GC(344) Pause Young (G1 Evacuation Pause) 161M->2M(267M) 0,922ms
[41,592s][info][gc] GC(345) Pause Young (G1 Evacuation Pause) 161M->2M(267M) 0,949ms
[41,697s][info][gc] GC(346) Pause Young (G1 Evacuation Pause) 161M->2M(267M) 0,900ms
[41,803s][info][gc] GC(347) Pause Young (G1 Evacuation Pause) 161M->2M(267M) 1,285ms
[41,910s][info][gc] GC(348) Pause Young (G1 Evacuation Pause) 161M->2M(267M) 1,517ms
[42,018s][info][gc] GC(349) Pause Young (G1 Evacuation Pause) 161M->2M(267M) 1,391ms
[42,167s][info][gc] GC(350) Pause Young (G1 Evacuation Pause) 161M->2M(267M) 1,280ms
[42,277s][info][gc] GC(351) Pause Young (G1 Evacuation Pause) 161M->2M(267M) 2,477ms
[42,387s][info][gc] GC(352) Pause Young (G1 Evacuation Pause) 161M->2M(267M) 2,930ms
[42,498s][info][gc] GC(353) Pause Young (G1 Evacuation Pause) 161M->2M(267M) 1,102ms
[42,608s][info][gc] GC(354) Pause Young (G1 Evacuation Pause) 161M->2M(267M) 0,891ms
[42,727s][info][gc] GC(355) Pause Young (G1 Evacuation Pause) 161M->2M(267M) 1,893ms
[42,836s][info][gc] GC(356) Pause Young (G1 Evacuation Pause) 161M->2M(267M) 1,059ms
[42,947s][info][gc] GC(357) Pause Young (G1 Evacuation Pause) 161M->2M(267M) 1,838ms
[43,055s][info][gc] GC(358) Pause Young (G1 Evacuation Pause) 161M->2M(267M) 1,251ms
[43,164s][info][gc] GC(359) Pause Young (G1 Evacuation Pause) 161M->2M(267M) 1,096ms
[43,270s][info][gc] GC(360) Pause Young (G1 Evacuation Pause) 161M->2M(267M) 0,965ms
[43,383s][info][gc] GC(361) Pause Young (G1 Evacuation Pause) 161M->2M(267M) 2,516ms
[43,494s][info][gc] GC(362) Pause Young (G1 Evacuation Pause) 161M->2M(267M) 1,008ms
[43,604s][info][gc] GC(363) Pause Young (G1 Evacuation Pause) 161M->2M(267M) 0,840ms
[43,711s][info][gc] GC(364) Pause Young (G1 Evacuation Pause) 161M->2M(267M) 0,803ms
[43,820s][info][gc] GC(365) Pause Young (G1 Evacuation Pause) 161M->2M(267M) 2,403ms
[43,928s][info][gc] GC(366) Pause Young (G1 Evacuation Pause) 161M->2M(267M) 0,793ms
[44,040s][info][gc] GC(367) Pause Young (G1 Evacuation Pause) 161M->2M(267M) 2,253ms
[44,148s][info][gc] GC(368) Pause Young (G1 Evacuation Pause) 161M->2M(267M) 1,224ms
[44,256s][info][gc] GC(369) Pause Young (G1 Evacuation Pause) 161M->2M(267M) 1,077ms
[44,366s][info][gc] GC(370) Pause Young (G1 Evacuation Pause) 161M->2M(267M) 1,129ms
[44,475s][info][gc] GC(371) Pause Young (G1 Evacuation Pause) 161M->2M(267M) 0,891ms
[44,585s][info][gc] GC(372) Pause Young (G1 Evacuation Pause) 161M->2M(267M) 1,206ms
[44,696s][info][gc] GC(373) Pause Young (G1 Evacuation Pause) 161M->2M(267M) 1,379ms
[44,804s][info][gc] GC(374) Pause Young (G1 Evacuation Pause) 161M->2M(267M) 0,795ms
[44,912s][info][gc] GC(375) Pause Young (G1 Evacuation Pause) 161M->2M(267M) 0,824ms
[45,017s][info][gc] GC(376) Pause Young (G1 Evacuation Pause) 161M->2M(267M) 0,838ms
[45,123s][info][gc] GC(377) Pause Young (G1 Evacuation Pause) 161M->2M(267M) 0,848ms
[45,234s][info][gc] GC(378) Pause Young (G1 Evacuation Pause) 161M->2M(267M) 1,023ms
[45,344s][info][gc] GC(379) Pause Young (G1 Evacuation Pause) 161M->2M(267M) 1,810ms
[45,452s][info][gc] GC(380) Pause Young (G1 Evacuation Pause) 161M->2M(267M) 0,912ms
[45,560s][info][gc] GC(381) Pause Young (G1 Evacuation Pause) 161M->2M(267M) 1,096ms
[45,675s][info][gc] GC(382) Pause Young (G1 Evacuation Pause) 161M->2M(267M) 0,999ms
[45,786s][info][gc] GC(383) Pause Young (G1 Evacuation Pause) 161M->2M(267M) 1,087ms
[45,903s][info][gc] GC(384) Pause Young (G1 Evacuation Pause) 161M->2M(267M) 1,280ms
[46,018s][info][gc] GC(385) Pause Young (G1 Evacuation Pause) 161M->2M(267M) 1,350ms
[46,132s][info][gc] GC(386) Pause Young (G1 Evacuation Pause) 161M->2M(267M) 1,074ms
[46,242s][info][gc] GC(387) Pause Young (G1 Evacuation Pause) 161M->2M(267M) 1,272ms
[46,354s][info][gc] GC(388) Pause Young (G1 Evacuation Pause) 161M->2M(267M) 0,918ms
[46,470s][info][gc] GC(389) Pause Young (G1 Evacuation Pause) 161M->2M(267M) 1,060ms
[46,577s][info][gc] GC(390) Pause Young (G1 Evacuation Pause) 161M->2M(267M) 0,940ms
[46,685s][info][gc] GC(391) Pause Young (G1 Evacuation Pause) 161M->2M(267M) 1,234ms
[46,795s][info][gc] GC(392) Pause Young (G1 Evacuation Pause) 161M->2M(267M) 0,931ms
[46,913s][info][gc] GC(393) Pause Young (G1 Evacuation Pause) 161M->2M(267M) 1,297ms
[47,024s][info][gc] GC(394) Pause Young (G1 Evacuation Pause) 161M->2M(267M) 1,170ms
[47,154s][info][gc] GC(395) Pause Young (G1 Evacuation Pause) 161M->2M(267M) 2,765ms
[47,277s][info][gc] GC(396) Pause Young (G1 Evacuation Pause) 161M->2M(267M) 0,906ms
[47,394s][info][gc] GC(397) Pause Young (G1 Evacuation Pause) 161M->2M(267M) 1,288ms
[47,508s][info][gc] GC(398) Pause Young (G1 Evacuation Pause) 161M->2M(267M) 1,284ms
[47,615s][info][gc] GC(399) Pause Young (G1 Evacuation Pause) 161M->2M(267M) 1,280ms
[47,723s][info][gc] GC(400) Pause Young (G1 Evacuation Pause) 161M->2M(267M) 1,557ms
[47,833s][info][gc] GC(401) Pause Young (G1 Evacuation Pause) 161M->2M(267M) 0,905ms
[47,944s][info][gc] GC(402) Pause Young (G1 Evacuation Pause) 161M->2M(267M) 0,771ms
[48,053s][info][gc] GC(403) Pause Young (G1 Evacuation Pause) 161M->2M(267M) 0,809ms
[48,165s][info][gc] GC(404) Pause Young (G1 Evacuation Pause) 161M->2M(267M) 1,020ms
[48,289s][info][gc] GC(405) Pause Young (G1 Evacuation Pause) 161M->2M(267M) 0,880ms
[48,398s][info][gc] GC(406) Pause Young (G1 Evacuation Pause) 161M->2M(267M) 1,071ms
[48,510s][info][gc] GC(407) Pause Young (G1 Evacuation Pause) 161M->2M(267M) 1,938ms
[48,620s][info][gc] GC(408) Pause Young (G1 Evacuation Pause) 161M->2M(267M) 1,377ms
[48,730s][info][gc] GC(409) Pause Young (G1 Evacuation Pause) 161M->2M(267M) 1,280ms
[48,840s][info][gc] GC(410) Pause Young (G1 Evacuation Pause) 161M->2M(267M) 0,811ms
[48,951s][info][gc] GC(411) Pause Young (G1 Evacuation Pause) 161M->2M(267M) 0,863ms
[49,065s][info][gc] GC(412) Pause Young (G1 Evacuation Pause) 161M->2M(267M) 1,536ms
[49,183s][info][gc] GC(413) Pause Young (G1 Evacuation Pause) 161M->2M(267M) 1,141ms
[49,297s][info][gc] GC(414) Pause Young (G1 Evacuation Pause) 161M->2M(267M) 1,451ms
[49,419s][info][gc] GC(415) Pause Young (G1 Evacuation Pause) 161M->2M(267M) 1,642ms
[49,531s][info][gc] GC(416) Pause Young (G1 Evacuation Pause) 161M->2M(267M) 1,084ms
[49,640s][info][gc] GC(417) Pause Young (G1 Evacuation Pause) 161M->2M(267M) 1,077ms
[49,770s][info][gc] GC(418) Pause Young (G1 Evacuation Pause) 161M->2M(267M) 0,850ms
[49,902s][info][gc] GC(419) Pause Young (G1 Evacuation Pause) 161M->2M(267M) 0,967ms
[50,018s][info][gc] GC(420) Pause Young (G1 Evacuation Pause) 161M->2M(267M) 1,971ms
[50,137s][info][gc] GC(421) Pause Young (G1 Evacuation Pause) 161M->2M(267M) 1,273ms
[50,245s][info][gc] GC(422) Pause Young (G1 Evacuation Pause) 161M->2M(267M) 0,897ms
[50,363s][info][gc] GC(423) Pause Young (G1 Evacuation Pause) 161M->2M(267M) 0,890ms
[50,487s][info][gc] GC(424) Pause Young (G1 Evacuation Pause) 161M->2M(267M) 1,179ms
[50,596s][info][gc] GC(425) Pause Young (G1 Evacuation Pause) 161M->2M(267M) 1,063ms
[50,706s][info][gc] GC(426) Pause Young (G1 Evacuation Pause) 161M->2M(267M) 1,373ms
[50,817s][info][gc] GC(427) Pause Young (G1 Evacuation Pause) 161M->2M(267M) 1,490ms
[50,930s][info][gc] GC(428) Pause Young (G1 Evacuation Pause) 161M->2M(267M) 0,912ms
[51,041s][info][gc] GC(429) Pause Young (G1 Evacuation Pause) 161M->2M(267M) 0,823ms
[51,155s][info][gc] GC(430) Pause Young (G1 Evacuation Pause) 161M->2M(267M) 0,968ms
[51,262s][info][gc] GC(431) Pause Young (G1 Evacuation Pause) 161M->2M(267M) 0,859ms
[51,371s][info][gc] GC(432) Pause Young (G1 Evacuation Pause) 161M->2M(267M) 1,167ms
[51,481s][info][gc] GC(433) Pause Young (G1 Evacuation Pause) 161M->2M(267M) 0,928ms
[51,590s][info][gc] GC(434) Pause Young (G1 Evacuation Pause) 161M->2M(267M) 1,098ms
[51,698s][info][gc] GC(435) Pause Young (G1 Evacuation Pause) 161M->2M(267M) 0,976ms
[51,838s][info][gc] GC(436) Pause Young (G1 Evacuation Pause) 161M->2M(267M) 1,203ms
[51,949s][info][gc] GC(437) Pause Young (G1 Evacuation Pause) 161M->2M(267M) 1,103ms
[52,064s][info][gc] GC(438) Pause Young (G1 Evacuation Pause) 161M->2M(267M) 1,105ms
[52,171s][info][gc] GC(439) Pause Young (G1 Evacuation Pause) 161M->2M(267M) 1,248ms
[52,286s][info][gc] GC(440) Pause Young (G1 Evacuation Pause) 161M->2M(267M) 1,019ms
[52,394s][info][gc] GC(441) Pause Young (G1 Evacuation Pause) 161M->2M(267M) 0,845ms
[52,503s][info][gc] GC(442) Pause Young (G1 Evacuation Pause) 161M->2M(267M) 0,961ms
[52,613s][info][gc] GC(443) Pause Young (G1 Evacuation Pause) 161M->2M(267M) 0,867ms
[52,725s][info][gc] GC(444) Pause Young (G1 Evacuation Pause) 161M->2M(267M) 0,971ms
[52,836s][info][gc] GC(445) Pause Young (G1 Evacuation Pause) 161M->2M(267M) 0,955ms
[52,945s][info][gc] GC(446) Pause Young (G1 Evacuation Pause) 161M->2M(267M) 0,960ms
[53,056s][info][gc] GC(447) Pause Young (G1 Evacuation Pause) 161M->2M(267M) 0,886ms
[53,165s][info][gc] GC(448) Pause Young (G1 Evacuation Pause) 161M->2M(267M) 1,032ms
[53,271s][info][gc] GC(449) Pause Young (G1 Evacuation Pause) 161M->2M(267M) 0,892ms
[53,385s][info][gc] GC(450) Pause Young (G1 Evacuation Pause) 161M->2M(267M) 1,829ms
[53,493s][info][gc] GC(451) Pause Young (G1 Evacuation Pause) 161M->2M(267M) 0,909ms
[53,599s][info][gc] GC(452) Pause Young (G1 Evacuation Pause) 161M->2M(267M) 0,879ms
[53,707s][info][gc] GC(453) Pause Young (G1 Evacuation Pause) 161M->2M(267M) 0,983ms
[53,815s][info][gc] GC(454) Pause Young (G1 Evacuation Pause) 161M->2M(267M) 1,005ms
[53,925s][info][gc] GC(455) Pause Young (G1 Evacuation Pause) 161M->2M(267M) 1,194ms
[54,034s][info][gc] GC(456) Pause Young (G1 Evacuation Pause) 161M->2M(267M) 1,104ms
[54,151s][info][gc] GC(457) Pause Young (G1 Evacuation Pause) 161M->2M(267M) 1,479ms
[54,264s][info][gc] GC(458) Pause Young (G1 Evacuation Pause) 161M->2M(267M) 0,926ms
[54,378s][info][gc] GC(459) Pause Young (G1 Evacuation Pause) 161M->2M(267M) 1,123ms
[54,496s][info][gc] GC(460) Pause Young (G1 Evacuation Pause) 161M->2M(267M) 0,903ms
[54,653s][info][gc] GC(461) Pause Young (G1 Evacuation Pause) 161M->2M(267M) 0,875ms
[54,766s][info][gc] GC(462) Pause Young (G1 Evacuation Pause) 161M->2M(267M) 1,050ms
[54,883s][info][gc] GC(463) Pause Young (G1 Evacuation Pause) 161M->2M(267M) 1,188ms
[54,999s][info][gc] GC(464) Pause Young (G1 Evacuation Pause) 161M->2M(267M) 1,134ms
[55,124s][info][gc] GC(465) Pause Young (G1 Evacuation Pause) 161M->2M(267M) 1,163ms
[55,234s][info][gc] GC(466) Pause Young (G1 Evacuation Pause) 161M->2M(267M) 1,514ms
[55,374s][info][gc] GC(467) Pause Young (G1 Evacuation Pause) 161M->2M(267M) 0,896ms
[55,481s][info][gc] GC(468) Pause Young (G1 Evacuation Pause) 161M->2M(267M) 1,318ms
[55,589s][info][gc] GC(469) Pause Young (G1 Evacuation Pause) 161M->2M(267M) 1,084ms
[55,697s][info][gc] GC(470) Pause Young (G1 Evacuation Pause) 161M->2M(267M) 2,361ms
[55,807s][info][gc] GC(471) Pause Young (G1 Evacuation Pause) 161M->2M(267M) 1,776ms
[55,921s][info][gc] GC(472) Pause Young (G1 Evacuation Pause) 161M->2M(267M) 1,079ms
[56,027s][info][gc] GC(473) Pause Young (G1 Evacuation Pause) 161M->2M(267M) 1,003ms
[56,133s][info][gc] GC(474) Pause Young (G1 Evacuation Pause) 161M->2M(267M) 0,946ms
[56,238s][info][gc] GC(475) Pause Young (G1 Evacuation Pause) 161M->2M(267M) 0,841ms
[56,351s][info][gc] GC(476) Pause Young (G1 Evacuation Pause) 161M->2M(267M) 1,832ms
[56,459s][info][gc] GC(477) Pause Young (G1 Evacuation Pause) 161M->2M(267M) 0,900ms
[56,568s][info][gc] GC(478) Pause Young (G1 Evacuation Pause) 161M->2M(267M) 0,949ms
[56,678s][info][gc] GC(479) Pause Young (G1 Evacuation Pause) 161M->2M(267M) 1,158ms
[56,799s][info][gc] GC(480) Pause Young (G1 Evacuation Pause) 161M->2M(267M) 0,844ms
[56,915s][info][gc] GC(481) Pause Young (G1 Evacuation Pause) 161M->2M(267M) 0,874ms
[57,027s][info][gc] GC(482) Pause Young (G1 Evacuation Pause) 161M->2M(267M) 0,887ms
[57,141s][info][gc] GC(483) Pause Young (G1 Evacuation Pause) 161M->2M(267M) 1,065ms
[57,250s][info][gc] GC(484) Pause Young (G1 Evacuation Pause) 161M->2M(267M) 0,841ms
[57,368s][info][gc] GC(485) Pause Young (G1 Evacuation Pause) 161M->2M(267M) 1,404ms
[57,483s][info][gc] GC(486) Pause Young (G1 Evacuation Pause) 161M->2M(267M) 1,031ms
[57,593s][info][gc] GC(487) Pause Young (G1 Evacuation Pause) 161M->2M(267M) 1,266ms
[57,711s][info][gc] GC(488) Pause Young (G1 Evacuation Pause) 161M->2M(267M) 1,788ms
[57,828s][info][gc] GC(489) Pause Young (G1 Evacuation Pause) 161M->2M(267M) 1,204ms
[57,944s][info][gc] GC(490) Pause Young (G1 Evacuation Pause) 161M->2M(267M) 1,113ms
[58,062s][info][gc] GC(491) Pause Young (G1 Evacuation Pause) 161M->2M(267M) 1,732ms
[58,175s][info][gc] GC(492) Pause Young (G1 Evacuation Pause) 161M->2M(267M) 1,236ms
[58,290s][info][gc] GC(493) Pause Young (G1 Evacuation Pause) 161M->2M(267M) 0,999ms
[58,406s][info][gc] GC(494) Pause Young (G1 Evacuation Pause) 161M->2M(267M) 0,866ms
[58,528s][info][gc] GC(495) Pause Young (G1 Evacuation Pause) 161M->2M(267M) 1,251ms
[58,644s][info][gc] GC(496) Pause Young (G1 Evacuation Pause) 161M->2M(267M) 1,076ms
[58,759s][info][gc] GC(497) Pause Young (G1 Evacuation Pause) 161M->2M(267M) 1,026ms
[58,873s][info][gc] GC(498) Pause Young (G1 Evacuation Pause) 161M->2M(267M) 0,838ms
[58,985s][info][gc] GC(499) Pause Young (G1 Evacuation Pause) 161M->2M(267M) 0,875ms
[59,093s][info][gc] GC(500) Pause Young (G1 Evacuation Pause) 161M->2M(267M) 1,064ms
[59,207s][info][gc] GC(501) Pause Young (G1 Evacuation Pause) 161M->2M(267M) 1,342ms
[59,326s][info][gc] GC(502) Pause Young (G1 Evacuation Pause) 161M->2M(267M) 1,022ms
[59,440s][info][gc] GC(503) Pause Young (G1 Evacuation Pause) 161M->2M(267M) 1,151ms
[59,551s][info][gc] GC(504) Pause Young (G1 Evacuation Pause) 161M->2M(267M) 1,114ms
[59,666s][info][gc] GC(505) Pause Young (G1 Evacuation Pause) 161M->2M(267M) 2,485ms
[59,783s][info][gc] GC(506) Pause Young (G1 Evacuation Pause) 161M->2M(267M) 1,337ms
[59,900s][info][gc] GC(507) Pause Young (G1 Evacuation Pause) 161M->2M(267M) 1,585ms
[60,021s][info][gc] GC(508) Pause Young (G1 Evacuation Pause) 161M->2M(267M) 2,275ms
[60,137s][info][gc] GC(509) Pause Young (G1 Evacuation Pause) 161M->2M(267M) 0,939ms
[60,251s][info][gc] GC(510) Pause Young (G1 Evacuation Pause) 161M->2M(267M) 0,938ms
[60,369s][info][gc] GC(511) Pause Young (G1 Evacuation Pause) 161M->2M(267M) 1,488ms
[60,484s][info][gc] GC(512) Pause Young (G1 Evacuation Pause) 161M->2M(267M) 0,799ms
[60,601s][info][gc] GC(513) Pause Young (G1 Evacuation Pause) 161M->2M(267M) 0,869ms
[60,714s][info][gc] GC(514) Pause Young (G1 Evacuation Pause) 161M->2M(267M) 0,927ms
[60,824s][info][gc] GC(515) Pause Young (G1 Evacuation Pause) 161M->2M(267M) 2,453ms
[60,940s][info][gc] GC(516) Pause Young (G1 Evacuation Pause) 161M->2M(267M) 1,152ms
[61,049s][info][gc] GC(517) Pause Young (G1 Evacuation Pause) 161M->2M(267M) 0,998ms
[61,158s][info][gc] GC(518) Pause Young (G1 Evacuation Pause) 161M->2M(267M) 1,043ms
[61,270s][info][gc] GC(519) Pause Young (G1 Evacuation Pause) 161M->2M(267M) 1,276ms
[61,392s][info][gc] GC(520) Pause Young (G1 Evacuation Pause) 161M->2M(267M) 1,390ms
[61,508s][info][gc] GC(521) Pause Young (G1 Evacuation Pause) 161M->2M(267M) 1,492ms
[61,628s][info][gc] GC(522) Pause Young (G1 Evacuation Pause) 161M->2M(267M) 3,013ms
[61,742s][info][gc] GC(523) Pause Young (G1 Evacuation Pause) 161M->2M(267M) 1,119ms
[61,856s][info][gc] GC(524) Pause Young (G1 Evacuation Pause) 161M->2M(267M) 0,807ms
[61,971s][info][gc] GC(525) Pause Young (G1 Evacuation Pause) 161M->2M(267M) 0,939ms
[62,085s][info][gc] GC(526) Pause Young (G1 Evacuation Pause) 161M->2M(267M) 1,000ms
[62,200s][info][gc] GC(527) Pause Young (G1 Evacuation Pause) 161M->2M(267M) 1,032ms
[62,316s][info][gc] GC(528) Pause Young (G1 Evacuation Pause) 161M->2M(267M) 0,875ms
[62,435s][info][gc] GC(529) Pause Young (G1 Evacuation Pause) 161M->2M(267M) 2,234ms
[62,546s][info][gc] GC(530) Pause Young (G1 Evacuation Pause) 161M->2M(267M) 1,078ms
[62,660s][info][gc] GC(531) Pause Young (G1 Evacuation Pause) 161M->2M(267M) 1,174ms
[62,774s][info][gc] GC(532) Pause Young (G1 Evacuation Pause) 161M->2M(267M) 1,212ms
[62,888s][info][gc] GC(533) Pause Young (G1 Evacuation Pause) 161M->2M(267M) 1,334ms
[63,002s][info][gc] GC(534) Pause Young (G1 Evacuation Pause) 161M->2M(267M) 1,147ms
[63,115s][info][gc] GC(535) Pause Young (G1 Evacuation Pause) 161M->2M(267M) 1,045ms
[63,230s][info][gc] GC(536) Pause Young (G1 Evacuation Pause) 161M->2M(267M) 0,982ms
[63,350s][info][gc] GC(537) Pause Young (G1 Evacuation Pause) 161M->2M(267M) 1,047ms
[63,467s][info][gc] GC(538) Pause Young (G1 Evacuation Pause) 161M->2M(267M) 1,070ms
[63,583s][info][gc] GC(539) Pause Young (G1 Evacuation Pause) 161M->2M(267M) 2,089ms
[63,701s][info][gc] GC(540) Pause Young (G1 Evacuation Pause) 161M->2M(267M) 1,671ms
[63,815s][info][gc] GC(541) Pause Young (G1 Evacuation Pause) 161M->2M(267M) 1,224ms
[63,933s][info][gc] GC(542) Pause Young (G1 Evacuation Pause) 161M->2M(267M) 1,179ms
[64,049s][info][gc] GC(543) Pause Young (G1 Evacuation Pause) 161M->2M(267M) 1,387ms
[64,160s][info][gc] GC(544) Pause Young (G1 Evacuation Pause) 161M->2M(267M) 1,306ms
[64,271s][info][gc] GC(545) Pause Young (G1 Evacuation Pause) 161M->2M(267M) 1,308ms
[64,387s][info][gc] GC(546) Pause Young (G1 Evacuation Pause) 161M->2M(267M) 1,478ms
[64,500s][info][gc] GC(547) Pause Young (G1 Evacuation Pause) 161M->2M(267M) 1,398ms
[64,617s][info][gc] GC(548) Pause Young (G1 Evacuation Pause) 161M->2M(267M) 1,040ms
[64,737s][info][gc] GC(549) Pause Young (G1 Evacuation Pause) 161M->2M(267M) 1,129ms
[64,858s][info][gc] GC(550) Pause Young (G1 Evacuation Pause) 161M->2M(267M) 1,277ms
[64,976s][info][gc] GC(551) Pause Young (G1 Evacuation Pause) 161M->2M(267M) 1,274ms
[65,092s][info][gc] GC(552) Pause Young (G1 Evacuation Pause) 161M->2M(267M) 1,311ms
[65,207s][info][gc] GC(553) Pause Young (G1 Evacuation Pause) 161M->2M(267M) 1,107ms
[65,322s][info][gc] GC(554) Pause Young (G1 Evacuation Pause) 161M->2M(267M) 1,360ms
[65,438s][info][gc] GC(555) Pause Young (G1 Evacuation Pause) 161M->2M(267M) 0,908ms
[65,554s][info][gc] GC(556) Pause Young (G1 Evacuation Pause) 161M->2M(267M) 1,726ms
[65,666s][info][gc] GC(557) Pause Young (G1 Evacuation Pause) 161M->2M(267M) 0,978ms
[65,777s][info][gc] GC(558) Pause Young (G1 Evacuation Pause) 161M->2M(267M) 0,935ms
[65,891s][info][gc] GC(559) Pause Young (G1 Evacuation Pause) 161M->2M(267M) 1,138ms
[66,006s][info][gc] GC(560) Pause Young (G1 Evacuation Pause) 161M->2M(267M) 0,831ms
[66,115s][info][gc] GC(561) Pause Young (G1 Evacuation Pause) 161M->2M(267M) 0,946ms
[66,225s][info][gc] GC(562) Pause Young (G1 Evacuation Pause) 161M->2M(267M) 0,861ms
[66,339s][info][gc] GC(563) Pause Young (G1 Evacuation Pause) 161M->2M(267M) 2,732ms
[66,453s][info][gc] GC(564) Pause Young (G1 Evacuation Pause) 161M->2M(267M) 2,361ms
[66,567s][info][gc] GC(565) Pause Young (G1 Evacuation Pause) 161M->2M(267M) 0,918ms
[66,679s][info][gc] GC(566) Pause Young (G1 Evacuation Pause) 161M->2M(267M) 1,029ms
[66,794s][info][gc] GC(567) Pause Young (G1 Evacuation Pause) 161M->2M(267M) 1,085ms
[66,910s][info][gc] GC(568) Pause Young (G1 Evacuation Pause) 161M->2M(267M) 1,164ms
[67,018s][info][gc] GC(569) Pause Young (G1 Evacuation Pause) 161M->2M(267M) 0,824ms
[67,126s][info][gc] GC(570) Pause Young (G1 Evacuation Pause) 161M->2M(267M) 0,855ms
[67,234s][info][gc] GC(571) Pause Young (G1 Evacuation Pause) 161M->2M(267M) 1,128ms
[67,346s][info][gc] GC(572) Pause Young (G1 Evacuation Pause) 161M->2M(267M) 1,004ms
[67,459s][info][gc] GC(573) Pause Young (G1 Evacuation Pause) 161M->2M(267M) 2,503ms
[67,568s][info][gc] GC(574) Pause Young (G1 Evacuation Pause) 161M->2M(267M) 0,915ms
[67,674s][info][gc] GC(575) Pause Young (G1 Evacuation Pause) 161M->2M(267M) 0,912ms
[67,782s][info][gc] GC(576) Pause Young (G1 Evacuation Pause) 161M->2M(267M) 1,070ms
[67,895s][info][gc] GC(577) Pause Young (G1 Evacuation Pause) 161M->2M(267M) 1,014ms
[68,011s][info][gc] GC(578) Pause Young (G1 Evacuation Pause) 161M->2M(267M) 2,150ms
[68,126s][info][gc] GC(579) Pause Young (G1 Evacuation Pause) 161M->2M(267M) 1,028ms
[68,237s][info][gc] GC(580) Pause Young (G1 Evacuation Pause) 161M->2M(267M) 0,954ms
[68,351s][info][gc] GC(581) Pause Young (G1 Evacuation Pause) 161M->2M(267M) 1,207ms
[68,461s][info][gc] GC(582) Pause Young (G1 Evacuation Pause) 161M->2M(267M) 1,278ms
[68,577s][info][gc] GC(583) Pause Young (G1 Evacuation Pause) 161M->2M(267M) 1,429ms
[68,692s][info][gc] GC(584) Pause Young (G1 Evacuation Pause) 161M->2M(267M) 1,124ms
[68,803s][info][gc] GC(585) Pause Young (G1 Evacuation Pause) 161M->2M(267M) 1,403ms
[68,920s][info][gc] GC(586) Pause Young (G1 Evacuation Pause) 161M->2M(267M) 2,461ms
[69,031s][info][gc] GC(587) Pause Young (G1 Evacuation Pause) 161M->2M(267M) 0,927ms
[69,140s][info][gc] GC(588) Pause Young (G1 Evacuation Pause) 161M->2M(267M) 0,973ms
[69,249s][info][gc] GC(589) Pause Young (G1 Evacuation Pause) 161M->2M(267M) 0,970ms
[69,358s][info][gc] GC(590) Pause Young (G1 Evacuation Pause) 161M->2M(267M) 0,897ms
[69,464s][info][gc] GC(591) Pause Young (G1 Evacuation Pause) 161M->2M(267M) 0,931ms
[69,576s][info][gc] GC(592) Pause Young (G1 Evacuation Pause) 161M->2M(267M) 1,199ms
[69,681s][info][gc] GC(593) Pause Young (G1 Evacuation Pause) 161M->2M(267M) 0,897ms
[69,789s][info][gc] GC(594) Pause Young (G1 Evacuation Pause) 161M->2M(267M) 0,898ms
[69,899s][info][gc] GC(595) Pause Young (G1 Evacuation Pause) 161M->2M(267M) 0,958ms
[70,008s][info][gc] GC(596) Pause Young (G1 Evacuation Pause) 161M->2M(267M) 1,130ms
[70,116s][info][gc] GC(597) Pause Young (G1 Evacuation Pause) 161M->2M(267M) 1,579ms
[70,229s][info][gc] GC(598) Pause Young (G1 Evacuation Pause) 161M->2M(267M) 1,536ms
[70,346s][info][gc] GC(599) Pause Young (G1 Evacuation Pause) 161M->2M(267M) 1,106ms
[70,459s][info][gc] GC(600) Pause Young (G1 Evacuation Pause) 161M->2M(267M) 0,952ms
[70,571s][info][gc] GC(601) Pause Young (G1 Evacuation Pause) 161M->2M(267M) 1,314ms
[70,689s][info][gc] GC(602) Pause Young (G1 Evacuation Pause) 161M->2M(267M) 0,958ms
[70,803s][info][gc] GC(603) Pause Young (G1 Evacuation Pause) 161M->2M(267M) 1,133ms
[70,915s][info][gc] GC(604) Pause Young (G1 Evacuation Pause) 161M->2M(267M) 1,496ms
[71,028s][info][gc] GC(605) Pause Young (G1 Evacuation Pause) 161M->2M(267M) 2,761ms
[71,138s][info][gc] GC(606) Pause Young (G1 Evacuation Pause) 161M->2M(267M) 1,427ms
[71,249s][info][gc] GC(607) Pause Young (G1 Evacuation Pause) 161M->2M(267M) 0,886ms
[71,360s][info][gc] GC(608) Pause Young (G1 Evacuation Pause) 161M->2M(267M) 1,182ms
[71,466s][info][gc] GC(609) Pause Young (G1 Evacuation Pause) 161M->2M(267M) 1,153ms
[71,583s][info][gc] GC(610) Pause Young (G1 Evacuation Pause) 161M->2M(267M) 2,736ms
[71,689s][info][gc] GC(611) Pause Young (G1 Evacuation Pause) 161M->2M(267M) 1,377ms
[71,797s][info][gc] GC(612) Pause Young (G1 Evacuation Pause) 161M->2M(267M) 1,904ms
[71,905s][info][gc] GC(613) Pause Young (G1 Evacuation Pause) 161M->2M(267M) 1,205ms
[72,016s][info][gc] GC(614) Pause Young (G1 Evacuation Pause) 161M->2M(267M) 1,119ms
[72,138s][info][gc] GC(615) Pause Young (G1 Evacuation Pause) 161M->2M(267M) 1,336ms
[72,246s][info][gc] GC(616) Pause Young (G1 Evacuation Pause) 161M->2M(267M) 1,017ms
[72,358s][info][gc] GC(617) Pause Young (G1 Evacuation Pause) 161M->2M(267M) 1,123ms
[72,467s][info][gc] GC(618) Pause Young (G1 Evacuation Pause) 161M->2M(267M) 0,831ms
[72,575s][info][gc] GC(619) Pause Young (G1 Evacuation Pause) 161M->2M(267M) 1,068ms
[72,683s][info][gc] GC(620) Pause Young (G1 Evacuation Pause) 161M->2M(267M) 1,093ms
[72,793s][info][gc] GC(621) Pause Young (G1 Evacuation Pause) 161M->2M(267M) 1,042ms
[72,909s][info][gc] GC(622) Pause Young (G1 Evacuation Pause) 161M->2M(267M) 1,109ms
[73,021s][info][gc] GC(623) Pause Young (G1 Evacuation Pause) 161M->2M(267M) 1,023ms
[73,129s][info][gc] GC(624) Pause Young (G1 Evacuation Pause) 161M->2M(267M) 1,003ms
[73,242s][info][gc] GC(625) Pause Young (G1 Evacuation Pause) 161M->2M(267M) 1,594ms
[73,352s][info][gc] GC(626) Pause Young (G1 Evacuation Pause) 161M->2M(267M) 0,906ms
[73,461s][info][gc] GC(627) Pause Young (G1 Evacuation Pause) 161M->2M(267M) 0,862ms
[73,571s][info][gc] GC(628) Pause Young (G1 Evacuation Pause) 161M->2M(267M) 0,834ms
[73,679s][info][gc] GC(629) Pause Young (G1 Evacuation Pause) 161M->2M(267M) 0,899ms
[73,788s][info][gc] GC(630) Pause Young (G1 Evacuation Pause) 161M->2M(267M) 1,325ms
[73,903s][info][gc] GC(631) Pause Young (G1 Evacuation Pause) 161M->2M(267M) 1,263ms
[74,013s][info][gc] GC(632) Pause Young (G1 Evacuation Pause) 161M->2M(267M) 1,088ms
[74,123s][info][gc] GC(633) Pause Young (G1 Evacuation Pause) 161M->2M(267M) 1,249ms
[74,233s][info][gc] GC(634) Pause Young (G1 Evacuation Pause) 161M->2M(267M) 1,157ms
[74,348s][info][gc] GC(635) Pause Young (G1 Evacuation Pause) 161M->2M(267M) 1,556ms
[74,455s][info][gc] GC(636) Pause Young (G1 Evacuation Pause) 161M->2M(267M) 0,851ms
[74,564s][info][gc] GC(637) Pause Young (G1 Evacuation Pause) 161M->2M(267M) 1,320ms
[74,671s][info][gc] GC(638) Pause Young (G1 Evacuation Pause) 161M->2M(267M) 0,915ms
[74,776s][info][gc] GC(639) Pause Young (G1 Evacuation Pause) 161M->2M(267M) 1,016ms
[74,889s][info][gc] GC(640) Pause Young (G1 Evacuation Pause) 161M->2M(267M) 1,128ms
[75,000s][info][gc] GC(641) Pause Young (G1 Evacuation Pause) 161M->2M(267M) 1,823ms
[75,106s][info][gc] GC(642) Pause Young (G1 Evacuation Pause) 161M->2M(267M) 1,309ms
[75,216s][info][gc] GC(643) Pause Young (G1 Evacuation Pause) 161M->2M(267M) 1,265ms
[75,327s][info][gc] GC(644) Pause Young (G1 Evacuation Pause) 161M->2M(267M) 3,635ms
[75,440s][info][gc] GC(645) Pause Young (G1 Evacuation Pause) 161M->2M(267M) 1,216ms
[75,552s][info][gc] GC(646) Pause Young (G1 Evacuation Pause) 161M->2M(267M) 2,367ms
[75,664s][info][gc] GC(647) Pause Young (G1 Evacuation Pause) 161M->2M(267M) 1,536ms
[75,772s][info][gc] GC(648) Pause Young (G1 Evacuation Pause) 161M->2M(267M) 0,937ms
[75,882s][info][gc] GC(649) Pause Young (G1 Evacuation Pause) 161M->2M(267M) 1,134ms
[75,991s][info][gc] GC(650) Pause Young (G1 Evacuation Pause) 161M->2M(267M) 0,905ms
[76,101s][info][gc] GC(651) Pause Young (G1 Evacuation Pause) 161M->2M(267M) 2,235ms
[76,210s][info][gc] GC(652) Pause Young (G1 Evacuation Pause) 161M->2M(267M) 1,217ms
[76,320s][info][gc] GC(653) Pause Young (G1 Evacuation Pause) 161M->2M(267M) 1,197ms
[76,431s][info][gc] GC(654) Pause Young (G1 Evacuation Pause) 161M->2M(267M) 0,809ms
[76,541s][info][gc] GC(655) Pause Young (G1 Evacuation Pause) 161M->2M(267M) 1,162ms
[76,652s][info][gc] GC(656) Pause Young (G1 Evacuation Pause) 161M->2M(267M) 0,798ms
[76,761s][info][gc] GC(657) Pause Young (G1 Evacuation Pause) 161M->2M(267M) 1,967ms
[76,871s][info][gc] GC(658) Pause Young (G1 Evacuation Pause) 161M->2M(267M) 0,908ms
[76,979s][info][gc] GC(659) Pause Young (G1 Evacuation Pause) 161M->2M(267M) 0,878ms
[77,088s][info][gc] GC(660) Pause Young (G1 Evacuation Pause) 161M->2M(267M) 0,902ms
[77,196s][info][gc] GC(661) Pause Young (G1 Evacuation Pause) 161M->2M(267M) 0,863ms
[77,305s][info][gc] GC(662) Pause Young (G1 Evacuation Pause) 161M->2M(267M) 0,944ms
[77,416s][info][gc] GC(663) Pause Young (G1 Evacuation Pause) 161M->2M(267M) 0,965ms
[77,524s][info][gc] GC(664) Pause Young (G1 Evacuation Pause) 161M->2M(267M) 0,988ms
[77,632s][info][gc] GC(665) Pause Young (G1 Evacuation Pause) 161M->2M(267M) 1,297ms
[77,740s][info][gc] GC(666) Pause Young (G1 Evacuation Pause) 161M->2M(267M) 1,072ms
[77,850s][info][gc] GC(667) Pause Young (G1 Evacuation Pause) 161M->2M(267M) 0,949ms
[77,957s][info][gc] GC(668) Pause Young (G1 Evacuation Pause) 161M->2M(267M) 1,041ms
[78,065s][info][gc] GC(669) Pause Young (G1 Evacuation Pause) 161M->2M(267M) 1,706ms
[78,172s][info][gc] GC(670) Pause Young (G1 Evacuation Pause) 161M->2M(267M) 1,841ms
[78,279s][info][gc] GC(671) Pause Young (G1 Evacuation Pause) 161M->2M(267M) 0,864ms
[78,389s][info][gc] GC(672) Pause Young (G1 Evacuation Pause) 161M->2M(267M) 0,894ms
[78,507s][info][gc] GC(673) Pause Young (G1 Evacuation Pause) 161M->2M(267M) 0,941ms
[78,614s][info][gc] GC(674) Pause Young (G1 Evacuation Pause) 161M->2M(267M) 1,230ms
[78,723s][info][gc] GC(675) Pause Young (G1 Evacuation Pause) 161M->2M(267M) 0,991ms
[78,829s][info][gc] GC(676) Pause Young (G1 Evacuation Pause) 161M->2M(267M) 1,708ms
[78,937s][info][gc] GC(677) Pause Young (G1 Evacuation Pause) 161M->2M(267M) 0,978ms
[79,048s][info][gc] GC(678) Pause Young (G1 Evacuation Pause) 161M->2M(267M) 1,256ms
[79,176s][info][gc] GC(679) Pause Young (G1 Evacuation Pause) 161M->2M(267M) 1,419ms
[79,287s][info][gc] GC(680) Pause Young (G1 Evacuation Pause) 161M->2M(267M) 1,432ms
[79,411s][info][gc] GC(681) Pause Young (G1 Evacuation Pause) 161M->2M(267M) 1,183ms
[79,522s][info][gc] GC(682) Pause Young (G1 Evacuation Pause) 161M->2M(267M) 2,653ms
[79,629s][info][gc] GC(683) Pause Young (G1 Evacuation Pause) 161M->2M(267M) 1,213ms
[79,737s][info][gc] GC(684) Pause Young (G1 Evacuation Pause) 161M->2M(267M) 0,840ms
[79,848s][info][gc] GC(685) Pause Young (G1 Evacuation Pause) 161M->2M(267M) 1,094ms
[79,958s][info][gc] GC(686) Pause Young (G1 Evacuation Pause) 161M->2M(267M) 1,448ms
[80,065s][info][gc] GC(687) Pause Young (G1 Evacuation Pause) 161M->2M(267M) 1,048ms
[80,176s][info][gc] GC(688) Pause Young (G1 Evacuation Pause) 161M->2M(267M) 2,673ms
[80,284s][info][gc] GC(689) Pause Young (G1 Evacuation Pause) 161M->2M(267M) 1,404ms
[80,396s][info][gc] GC(690) Pause Young (G1 Evacuation Pause) 161M->2M(267M) 1,442ms
[80,505s][info][gc] GC(691) Pause Young (G1 Evacuation Pause) 161M->2M(267M) 0,912ms
[80,614s][info][gc] GC(692) Pause Young (G1 Evacuation Pause) 161M->2M(267M) 1,079ms
[80,720s][info][gc] GC(693) Pause Young (G1 Evacuation Pause) 161M->2M(267M) 0,963ms
[80,834s][info][gc] GC(694) Pause Young (G1 Evacuation Pause) 161M->2M(267M) 1,225ms
[80,944s][info][gc] GC(695) Pause Young (G1 Evacuation Pause) 161M->2M(267M) 0,904ms
[81,053s][info][gc] GC(696) Pause Young (G1 Evacuation Pause) 161M->2M(267M) 0,963ms
[81,163s][info][gc] GC(697) Pause Young (G1 Evacuation Pause) 161M->2M(267M) 0,840ms
[81,271s][info][gc] GC(698) Pause Young (G1 Evacuation Pause) 161M->2M(267M) 0,828ms
[81,386s][info][gc] GC(699) Pause Young (G1 Evacuation Pause) 161M->2M(267M) 0,835ms
[81,495s][info][gc] GC(700) Pause Young (G1 Evacuation Pause) 161M->2M(267M) 0,889ms
[81,605s][info][gc] GC(701) Pause Young (G1 Evacuation Pause) 161M->2M(267M) 0,944ms
[81,712s][info][gc] GC(702) Pause Young (G1 Evacuation Pause) 161M->2M(267M) 1,053ms
[81,822s][info][gc] GC(703) Pause Young (G1 Evacuation Pause) 161M->2M(267M) 1,046ms
[81,934s][info][gc] GC(704) Pause Young (G1 Evacuation Pause) 161M->2M(267M) 1,929ms
[82,043s][info][gc] GC(705) Pause Young (G1 Evacuation Pause) 161M->2M(267M) 0,833ms
[82,153s][info][gc] GC(706) Pause Young (G1 Evacuation Pause) 161M->2M(267M) 0,913ms
[82,263s][info][gc] GC(707) Pause Young (G1 Evacuation Pause) 161M->2M(267M) 2,287ms
[82,394s][info][gc] GC(708) Pause Young (G1 Evacuation Pause) 161M->2M(267M) 1,665ms
[82,505s][info][gc] GC(709) Pause Young (G1 Evacuation Pause) 161M->2M(267M) 1,474ms
[82,614s][info][gc] GC(710) Pause Young (G1 Evacuation Pause) 161M->2M(267M) 0,910ms
[82,723s][info][gc] GC(711) Pause Young (G1 Evacuation Pause) 161M->2M(267M) 1,181ms
[82,838s][info][gc] GC(712) Pause Young (G1 Evacuation Pause) 161M->2M(267M) 1,848ms
[82,949s][info][gc] GC(713) Pause Young (G1 Evacuation Pause) 161M->2M(267M) 1,384ms
[83,058s][info][gc] GC(714) Pause Young (G1 Evacuation Pause) 161M->2M(267M) 1,008ms
[83,168s][info][gc] GC(715) Pause Young (G1 Evacuation Pause) 161M->2M(267M) 0,828ms
[83,276s][info][gc] GC(716) Pause Young (G1 Evacuation Pause) 161M->2M(267M) 0,841ms
[83,387s][info][gc] GC(717) Pause Young (G1 Evacuation Pause) 161M->2M(267M) 0,857ms
[83,500s][info][gc] GC(718) Pause Young (G1 Evacuation Pause) 161M->2M(267M) 2,201ms
[83,614s][info][gc] GC(719) Pause Young (G1 Evacuation Pause) 161M->2M(267M) 0,893ms
[83,737s][info][gc] GC(720) Pause Young (G1 Evacuation Pause) 161M->2M(267M) 1,185ms
[83,850s][info][gc] GC(721) Pause Young (G1 Evacuation Pause) 161M->2M(267M) 0,856ms
[83,959s][info][gc] GC(722) Pause Young (G1 Evacuation Pause) 161M->2M(267M) 1,075ms
[84,068s][info][gc] GC(723) Pause Young (G1 Evacuation Pause) 161M->2M(267M) 0,977ms
[84,177s][info][gc] GC(724) Pause Young (G1 Evacuation Pause) 161M->2M(267M) 0,874ms
[84,286s][info][gc] GC(725) Pause Young (G1 Evacuation Pause) 161M->2M(267M) 1,192ms
[84,402s][info][gc] GC(726) Pause Young (G1 Evacuation Pause) 161M->2M(267M) 0,790ms
[84,525s][info][gc] GC(727) Pause Young (G1 Evacuation Pause) 161M->2M(267M) 0,909ms
[84,637s][info][gc] GC(728) Pause Young (G1 Evacuation Pause) 161M->2M(267M) 2,096ms
[84,744s][info][gc] GC(729) Pause Young (G1 Evacuation Pause) 161M->2M(267M) 1,075ms
[84,867s][info][gc] GC(730) Pause Young (G1 Evacuation Pause) 161M->2M(267M) 0,888ms
[84,979s][info][gc] GC(731) Pause Young (G1 Evacuation Pause) 161M->2M(267M) 0,888ms
[85,103s][info][gc] GC(732) Pause Young (G1 Evacuation Pause) 161M->2M(267M) 1,853ms
[85,226s][info][gc] GC(733) Pause Young (G1 Evacuation Pause) 161M->2M(267M) 1,327ms
[85,352s][info][gc] GC(734) Pause Young (G1 Evacuation Pause) 161M->2M(267M) 1,960ms
[85,462s][info][gc] GC(735) Pause Young (G1 Evacuation Pause) 161M->2M(267M) 1,087ms
[85,572s][info][gc] GC(736) Pause Young (G1 Evacuation Pause) 161M->2M(267M) 1,092ms
[85,678s][info][gc] GC(737) Pause Young (G1 Evacuation Pause) 161M->2M(267M) 1,124ms
[85,786s][info][gc] GC(738) Pause Young (G1 Evacuation Pause) 161M->2M(267M) 1,182ms
[85,896s][info][gc] GC(739) Pause Young (G1 Evacuation Pause) 161M->2M(267M) 1,195ms
[86,009s][info][gc] GC(740) Pause Young (G1 Evacuation Pause) 161M->2M(267M) 1,064ms
[86,119s][info][gc] GC(741) Pause Young (G1 Evacuation Pause) 161M->2M(267M) 1,055ms
[86,228s][info][gc] GC(742) Pause Young (G1 Evacuation Pause) 161M->2M(267M) 0,804ms
[86,340s][info][gc] GC(743) Pause Young (G1 Evacuation Pause) 161M->2M(267M) 0,939ms
[86,449s][info][gc] GC(744) Pause Young (G1 Evacuation Pause) 161M->2M(267M) 0,934ms
[86,564s][info][gc] GC(745) Pause Young (G1 Evacuation Pause) 161M->2M(267M) 0,991ms
[86,671s][info][gc] GC(746) Pause Young (G1 Evacuation Pause) 161M->2M(267M) 0,995ms
[86,780s][info][gc] GC(747) Pause Young (G1 Evacuation Pause) 161M->2M(267M) 1,311ms
[86,900s][info][gc] GC(748) Pause Young (G1 Evacuation Pause) 161M->2M(267M) 0,958ms
[87,012s][info][gc] GC(749) Pause Young (G1 Evacuation Pause) 161M->2M(267M) 2,137ms
[87,131s][info][gc] GC(750) Pause Young (G1 Evacuation Pause) 161M->2M(267M) 1,446ms
[87,238s][info][gc] GC(751) Pause Young (G1 Evacuation Pause) 161M->2M(267M) 0,933ms
[87,345s][info][gc] GC(752) Pause Young (G1 Evacuation Pause) 161M->2M(267M) 0,894ms
[87,453s][info][gc] GC(753) Pause Young (G1 Evacuation Pause) 161M->2M(267M) 1,164ms
[87,569s][info][gc] GC(754) Pause Young (G1 Evacuation Pause) 161M->2M(267M) 1,307ms
[87,679s][info][gc] GC(755) Pause Young (G1 Evacuation Pause) 161M->2M(267M) 1,293ms
[87,787s][info][gc] GC(756) Pause Young (G1 Evacuation Pause) 161M->2M(267M) 0,960ms
[87,898s][info][gc] GC(757) Pause Young (G1 Evacuation Pause) 161M->2M(267M) 0,979ms
[88,006s][info][gc] GC(758) Pause Young (G1 Evacuation Pause) 161M->2M(267M) 0,934ms
[88,119s][info][gc] GC(759) Pause Young (G1 Evacuation Pause) 161M->2M(267M) 1,396ms
[88,228s][info][gc] GC(760) Pause Young (G1 Evacuation Pause) 161M->2M(267M) 0,808ms
[88,339s][info][gc] GC(761) Pause Young (G1 Evacuation Pause) 161M->2M(267M) 0,752ms
[88,446s][info][gc] GC(762) Pause Young (G1 Evacuation Pause) 161M->2M(267M) 0,850ms
[88,556s][info][gc] GC(763) Pause Young (G1 Evacuation Pause) 161M->2M(267M) 1,003ms
[88,664s][info][gc] GC(764) Pause Young (G1 Evacuation Pause) 161M->2M(267M) 1,194ms
[88,783s][info][gc] GC(765) Pause Young (G1 Evacuation Pause) 161M->2M(267M) 0,868ms
[88,893s][info][gc] GC(766) Pause Young (G1 Evacuation Pause) 161M->2M(267M) 0,962ms
[89,002s][info][gc] GC(767) Pause Young (G1 Evacuation Pause) 161M->2M(267M) 1,092ms
[89,116s][info][gc] GC(768) Pause Young (G1 Evacuation Pause) 161M->2M(267M) 1,008ms
[89,228s][info][gc] GC(769) Pause Young (G1 Evacuation Pause) 161M->2M(267M) 1,414ms
[89,341s][info][gc] GC(770) Pause Young (G1 Evacuation Pause) 161M->2M(267M) 0,967ms
[89,451s][info][gc] GC(771) Pause Young (G1 Evacuation Pause) 161M->2M(267M) 0,949ms
[89,563s][info][gc] GC(772) Pause Young (G1 Evacuation Pause) 161M->2M(267M) 1,397ms
[89,675s][info][gc] GC(773) Pause Young (G1 Evacuation Pause) 161M->2M(267M) 2,273ms
[89,795s][info][gc] GC(774) Pause Young (G1 Evacuation Pause) 161M->2M(267M) 0,982ms
[89,906s][info][gc] GC(775) Pause Young (G1 Evacuation Pause) 161M->2M(267M) 0,878ms
[90,016s][info][gc] GC(776) Pause Young (G1 Evacuation Pause) 161M->2M(267M) 0,961ms
[90,126s][info][gc] GC(777) Pause Young (G1 Evacuation Pause) 161M->2M(267M) 1,909ms
[90,247s][info][gc] GC(778) Pause Young (G1 Evacuation Pause) 161M->2M(267M) 0,941ms
[90,360s][info][gc] GC(779) Pause Young (G1 Evacuation Pause) 161M->2M(267M) 0,875ms
[90,467s][info][gc] GC(780) Pause Young (G1 Evacuation Pause) 161M->2M(267M) 0,976ms
[90,588s][info][gc] GC(781) Pause Young (G1 Evacuation Pause) 161M->2M(267M) 0,819ms
[90,696s][info][gc] GC(782) Pause Young (G1 Evacuation Pause) 161M->2M(267M) 1,111ms
[90,805s][info][gc] GC(783) Pause Young (G1 Evacuation Pause) 161M->2M(267M) 1,085ms
[90,916s][info][gc] GC(784) Pause Young (G1 Evacuation Pause) 161M->2M(267M) 0,895ms
[91,026s][info][gc] GC(785) Pause Young (G1 Evacuation Pause) 161M->2M(267M) 0,911ms
[91,136s][info][gc] GC(786) Pause Young (G1 Evacuation Pause) 161M->2M(267M) 1,494ms
[91,245s][info][gc] GC(787) Pause Young (G1 Evacuation Pause) 161M->2M(267M) 0,838ms
[91,356s][info][gc] GC(788) Pause Young (G1 Evacuation Pause) 161M->2M(267M) 0,903ms
[91,464s][info][gc] GC(789) Pause Young (G1 Evacuation Pause) 161M->2M(267M) 0,882ms
[91,576s][info][gc] GC(790) Pause Young (G1 Evacuation Pause) 161M->2M(267M) 0,977ms
[91,686s][info][gc] GC(791) Pause Young (G1 Evacuation Pause) 161M->2M(267M) 2,454ms
[91,797s][info][gc] GC(792) Pause Young (G1 Evacuation Pause) 161M->2M(267M) 0,850ms
[91,907s][info][gc] GC(793) Pause Young (G1 Evacuation Pause) 161M->2M(267M) 1,054ms
[92,018s][info][gc] GC(794) Pause Young (G1 Evacuation Pause) 161M->2M(267M) 0,957ms
[92,126s][info][gc] GC(795) Pause Young (G1 Evacuation Pause) 161M->2M(267M) 1,251ms
[92,237s][info][gc] GC(796) Pause Young (G1 Evacuation Pause) 161M->2M(267M) 1,763ms
[92,347s][info][gc] GC(797) Pause Young (G1 Evacuation Pause) 161M->2M(267M) 1,293ms
[92,458s][info][gc] GC(798) Pause Young (G1 Evacuation Pause) 161M->2M(267M) 1,471ms
[92,567s][info][gc] GC(799) Pause Young (G1 Evacuation Pause) 161M->2M(267M) 0,833ms
[92,674s][info][gc] GC(800) Pause Young (G1 Evacuation Pause) 161M->2M(267M) 1,047ms
[92,781s][info][gc] GC(801) Pause Young (G1 Evacuation Pause) 161M->2M(267M) 0,923ms
[92,910s][info][gc] GC(802) Pause Young (G1 Evacuation Pause) 161M->2M(267M) 1,138ms
[93,035s][info][gc] GC(803) Pause Young (G1 Evacuation Pause) 161M->2M(267M) 1,045ms
[93,160s][info][gc] GC(804) Pause Young (G1 Evacuation Pause) 161M->2M(267M) 1,044ms
[93,274s][info][gc] GC(805) Pause Young (G1 Evacuation Pause) 161M->2M(267M) 0,981ms
[93,384s][info][gc] GC(806) Pause Young (G1 Evacuation Pause) 161M->2M(267M) 1,057ms
[93,496s][info][gc] GC(807) Pause Young (G1 Evacuation Pause) 161M->2M(267M) 2,175ms
[93,607s][info][gc] GC(808) Pause Young (G1 Evacuation Pause) 161M->2M(267M) 1,086ms
[93,713s][info][gc] GC(809) Pause Young (G1 Evacuation Pause) 161M->2M(267M) 0,909ms
[93,821s][info][gc] GC(810) Pause Young (G1 Evacuation Pause) 161M->2M(267M) 1,088ms
[93,931s][info][gc] GC(811) Pause Young (G1 Evacuation Pause) 161M->2M(267M) 1,161ms
[94,041s][info][gc] GC(812) Pause Young (G1 Evacuation Pause) 161M->2M(267M) 1,152ms
[94,168s][info][gc] GC(813) Pause Young (G1 Evacuation Pause) 161M->2M(267M) 1,388ms
[94,277s][info][gc] GC(814) Pause Young (G1 Evacuation Pause) 161M->2M(267M) 0,854ms
[94,387s][info][gc] GC(815) Pause Young (G1 Evacuation Pause) 161M->2M(267M) 0,876ms
[94,496s][info][gc] GC(816) Pause Young (G1 Evacuation Pause) 161M->2M(267M) 0,862ms
[94,607s][info][gc] GC(817) Pause Young (G1 Evacuation Pause) 161M->2M(267M) 0,805ms
[94,716s][info][gc] GC(818) Pause Young (G1 Evacuation Pause) 161M->2M(267M) 1,111ms
[94,823s][info][gc] GC(819) Pause Young (G1 Evacuation Pause) 161M->2M(267M) 0,932ms
[94,939s][info][gc] GC(820) Pause Young (G1 Evacuation Pause) 161M->2M(267M) 0,910ms
[95,049s][info][gc] GC(821) Pause Young (G1 Evacuation Pause) 161M->2M(267M) 1,111ms
[95,159s][info][gc] GC(822) Pause Young (G1 Evacuation Pause) 161M->2M(267M) 1,566ms
[95,263s][info][gc] GC(823) Pause Young (G1 Evacuation Pause) 161M->2M(267M) 1,107ms
[95,374s][info][gc] GC(824) Pause Young (G1 Evacuation Pause) 161M->2M(267M) 1,346ms
[95,482s][info][gc] GC(825) Pause Young (G1 Evacuation Pause) 161M->2M(267M) 1,056ms
[95,590s][info][gc] GC(826) Pause Young (G1 Evacuation Pause) 161M->2M(267M) 0,888ms
[95,694s][info][gc] GC(827) Pause Young (G1 Evacuation Pause) 161M->2M(267M) 0,878ms
[95,800s][info][gc] GC(828) Pause Young (G1 Evacuation Pause) 161M->2M(267M) 1,113ms
[95,910s][info][gc] GC(829) Pause Young (G1 Evacuation Pause) 161M->2M(267M) 1,844ms
[96,018s][info][gc] GC(830) Pause Young (G1 Evacuation Pause) 161M->2M(267M) 0,771ms
[96,127s][info][gc] GC(831) Pause Young (G1 Evacuation Pause) 161M->2M(267M) 0,891ms
[96,235s][info][gc] GC(832) Pause Young (G1 Evacuation Pause) 161M->2M(267M) 0,830ms
[96,344s][info][gc] GC(833) Pause Young (G1 Evacuation Pause) 161M->2M(267M) 0,825ms
[96,452s][info][gc] GC(834) Pause Young (G1 Evacuation Pause) 161M->2M(267M) 1,046ms
[96,565s][info][gc] GC(835) Pause Young (G1 Evacuation Pause) 161M->2M(267M) 1,671ms
[96,673s][info][gc] GC(836) Pause Young (G1 Evacuation Pause) 161M->2M(267M) 0,996ms
[96,781s][info][gc] GC(837) Pause Young (G1 Evacuation Pause) 161M->2M(267M) 1,211ms
[96,892s][info][gc] GC(838) Pause Young (G1 Evacuation Pause) 161M->2M(267M) 0,942ms
[96,999s][info][gc] GC(839) Pause Young (G1 Evacuation Pause) 161M->2M(267M) 0,978ms
[97,108s][info][gc] GC(840) Pause Young (G1 Evacuation Pause) 161M->2M(267M) 0,803ms
[97,219s][info][gc] GC(841) Pause Young (G1 Evacuation Pause) 161M->2M(267M) 1,254ms
[97,326s][info][gc] GC(842) Pause Young (G1 Evacuation Pause) 161M->2M(267M) 0,851ms
[97,435s][info][gc] GC(843) Pause Young (G1 Evacuation Pause) 161M->2M(267M) 1,235ms
[97,543s][info][gc] GC(844) Pause Young (G1 Evacuation Pause) 161M->2M(267M) 0,809ms
[97,652s][info][gc] GC(845) Pause Young (G1 Evacuation Pause) 161M->2M(267M) 1,217ms
[97,760s][info][gc] GC(846) Pause Young (G1 Evacuation Pause) 161M->2M(267M) 1,256ms
[97,872s][info][gc] GC(847) Pause Young (G1 Evacuation Pause) 161M->2M(267M) 1,507ms
[97,980s][info][gc] GC(848) Pause Young (G1 Evacuation Pause) 161M->2M(267M) 1,091ms
[98,089s][info][gc] GC(849) Pause Young (G1 Evacuation Pause) 161M->2M(267M) 0,985ms
[98,213s][info][gc] GC(850) Pause Young (G1 Evacuation Pause) 161M->2M(267M) 1,046ms
[98,322s][info][gc] GC(851) Pause Young (G1 Evacuation Pause) 161M->2M(267M) 2,454ms
[98,429s][info][gc] GC(852) Pause Young (G1 Evacuation Pause) 161M->2M(267M) 1,185ms
[98,536s][info][gc] GC(853) Pause Young (G1 Evacuation Pause) 161M->2M(267M) 0,866ms
[98,645s][info][gc] GC(854) Pause Young (G1 Evacuation Pause) 161M->2M(267M) 0,899ms
[98,753s][info][gc] GC(855) Pause Young (G1 Evacuation Pause) 161M->2M(267M) 1,242ms
[98,865s][info][gc] GC(856) Pause Young (G1 Evacuation Pause) 161M->2M(267M) 0,962ms
[98,977s][info][gc] GC(857) Pause Young (G1 Evacuation Pause) 161M->2M(267M) 1,898ms
[99,086s][info][gc] GC(858) Pause Young (G1 Evacuation Pause) 161M->2M(267M) 1,177ms
[99,194s][info][gc] GC(859) Pause Young (G1 Evacuation Pause) 161M->2M(267M) 0,867ms
[99,300s][info][gc] GC(860) Pause Young (G1 Evacuation Pause) 161M->2M(267M) 0,888ms
[99,412s][info][gc] GC(861) Pause Young (G1 Evacuation Pause) 161M->2M(267M) 1,175ms
[99,521s][info][gc] GC(862) Pause Young (G1 Evacuation Pause) 161M->2M(267M) 1,218ms
[99,629s][info][gc] GC(863) Pause Young (G1 Evacuation Pause) 161M->2M(267M) 2,619ms
[99,738s][info][gc] GC(864) Pause Young (G1 Evacuation Pause) 161M->2M(267M) 1,514ms
[99,850s][info][gc] GC(865) Pause Young (G1 Evacuation Pause) 161M->2M(267M) 1,197ms
[99,959s][info][gc] GC(866) Pause Young (G1 Evacuation Pause) 161M->2M(267M) 1,517ms
[100,068s][info][gc] GC(867) Pause Young (G1 Evacuation Pause) 161M->2M(267M) 1,313ms
[100,174s][info][gc] GC(868) Pause Young (G1 Evacuation Pause) 161M->2M(267M) 0,935ms
[100,285s][info][gc] GC(869) Pause Young (G1 Evacuation Pause) 161M->2M(267M) 1,444ms
[100,394s][info][gc] GC(870) Pause Young (G1 Evacuation Pause) 161M->2M(267M) 1,174ms
[100,518s][info][gc] GC(871) Pause Young (G1 Evacuation Pause) 161M->2M(267M) 1,096ms
[100,630s][info][gc] GC(872) Pause Young (G1 Evacuation Pause) 161M->2M(267M) 1,851ms
[100,741s][info][gc] GC(873) Pause Young (G1 Evacuation Pause) 161M->2M(267M) 0,923ms
[100,853s][info][gc] GC(874) Pause Young (G1 Evacuation Pause) 161M->2M(267M) 1,066ms
[100,960s][info][gc] GC(875) Pause Young (G1 Evacuation Pause) 161M->2M(267M) 1,235ms
[101,068s][info][gc] GC(876) Pause Young (G1 Evacuation Pause) 161M->2M(267M) 0,894ms
[101,173s][info][gc] GC(877) Pause Young (G1 Evacuation Pause) 161M->2M(267M) 0,897ms
[101,281s][info][gc] GC(878) Pause Young (G1 Evacuation Pause) 161M->2M(267M) 1,165ms
[101,397s][info][gc] GC(879) Pause Young (G1 Evacuation Pause) 161M->2M(267M) 1,120ms
[101,506s][info][gc] GC(880) Pause Young (G1 Evacuation Pause) 161M->2M(267M) 1,405ms
[101,615s][info][gc] GC(881) Pause Young (G1 Evacuation Pause) 161M->2M(267M) 1,033ms
[101,743s][info][gc] GC(882) Pause Young (G1 Evacuation Pause) 161M->2M(267M) 0,823ms
[101,851s][info][gc] GC(883) Pause Young (G1 Evacuation Pause) 161M->2M(267M) 0,943ms
[101,963s][info][gc] GC(884) Pause Young (G1 Evacuation Pause) 161M->2M(267M) 0,917ms
[102,073s][info][gc] GC(885) Pause Young (G1 Evacuation Pause) 161M->2M(267M) 0,863ms
[102,181s][info][gc] GC(886) Pause Young (G1 Evacuation Pause) 161M->2M(267M) 1,187ms
[102,297s][info][gc] GC(887) Pause Young (G1 Evacuation Pause) 161M->2M(267M) 0,925ms
[102,407s][info][gc] GC(888) Pause Young (G1 Evacuation Pause) 161M->2M(267M) 0,808ms
[102,516s][info][gc] GC(889) Pause Young (G1 Evacuation Pause) 161M->2M(267M) 0,822ms
[102,627s][info][gc] GC(890) Pause Young (G1 Evacuation Pause) 161M->2M(267M) 1,197ms
[102,735s][info][gc] GC(891) Pause Young (G1 Evacuation Pause) 161M->2M(267M) 0,959ms
[102,844s][info][gc] GC(892) Pause Young (G1 Evacuation Pause) 161M->2M(267M) 1,059ms
[102,955s][info][gc] GC(893) Pause Young (G1 Evacuation Pause) 161M->2M(267M) 1,143ms
[103,064s][info][gc] GC(894) Pause Young (G1 Evacuation Pause) 161M->2M(267M) 1,149ms
[103,175s][info][gc] GC(895) Pause Young (G1 Evacuation Pause) 161M->2M(267M) 1,166ms
[103,283s][info][gc] GC(896) Pause Young (G1 Evacuation Pause) 161M->2M(267M) 1,015ms
[103,398s][info][gc] GC(897) Pause Young (G1 Evacuation Pause) 161M->2M(267M) 2,023ms
[103,509s][info][gc] GC(898) Pause Young (G1 Evacuation Pause) 161M->2M(267M) 0,829ms
[103,614s][info][gc] GC(899) Pause Young (G1 Evacuation Pause) 161M->2M(267M) 0,979ms
[103,721s][info][gc] GC(900) Pause Young (G1 Evacuation Pause) 161M->2M(267M) 1,082ms
[103,829s][info][gc] GC(901) Pause Young (G1 Evacuation Pause) 161M->2M(267M) 1,008ms
[103,940s][info][gc] GC(902) Pause Young (G1 Evacuation Pause) 161M->2M(267M) 1,220ms
[104,048s][info][gc] GC(903) Pause Young (G1 Evacuation Pause) 161M->2M(267M) 1,098ms
[104,202s][info][gc] GC(904) Pause Young (G1 Evacuation Pause) 161M->2M(267M) 2,778ms
[104,312s][info][gc] GC(905) Pause Young (G1 Evacuation Pause) 161M->2M(267M) 1,356ms
[104,425s][info][gc] GC(906) Pause Young (G1 Evacuation Pause) 161M->2M(267M) 0,818ms
[104,534s][info][gc] GC(907) Pause Young (G1 Evacuation Pause) 161M->2M(267M) 1,165ms
[104,642s][info][gc] GC(908) Pause Young (G1 Evacuation Pause) 161M->2M(267M) 0,901ms
[104,750s][info][gc] GC(909) Pause Young (G1 Evacuation Pause) 161M->2M(267M) 0,884ms
[104,925s][info][gc] GC(910) Pause Young (G1 Evacuation Pause) 161M->2M(267M) 1,264ms
[105,031s][info][gc] GC(911) Pause Young (G1 Evacuation Pause) 161M->2M(267M) 1,107ms
[105,139s][info][gc] GC(912) Pause Young (G1 Evacuation Pause) 161M->2M(267M) 0,878ms
[105,253s][info][gc] GC(913) Pause Young (G1 Evacuation Pause) 161M->2M(267M) 0,978ms
[105,363s][info][gc] GC(914) Pause Young (G1 Evacuation Pause) 161M->2M(267M) 1,318ms
[105,469s][info][gc] GC(915) Pause Young (G1 Evacuation Pause) 161M->2M(267M) 0,906ms
[105,575s][info][gc] GC(916) Pause Young (G1 Evacuation Pause) 161M->2M(267M) 1,068ms
[105,680s][info][gc] GC(917) Pause Young (G1 Evacuation Pause) 161M->2M(267M) 1,128ms
[105,785s][info][gc] GC(918) Pause Young (G1 Evacuation Pause) 161M->2M(267M) 0,996ms
[105,897s][info][gc] GC(919) Pause Young (G1 Evacuation Pause) 161M->2M(267M) 0,924ms
[106,004s][info][gc] GC(920) Pause Young (G1 Evacuation Pause) 161M->2M(267M) 0,881ms
[106,115s][info][gc] GC(921) Pause Young (G1 Evacuation Pause) 161M->2M(267M) 1,727ms
[106,220s][info][gc] GC(922) Pause Young (G1 Evacuation Pause) 161M->2M(267M) 1,153ms
[106,327s][info][gc] GC(923) Pause Young (G1 Evacuation Pause) 161M->2M(267M) 1,474ms
[106,440s][info][gc] GC(924) Pause Young (G1 Evacuation Pause) 161M->2M(267M) 0,929ms
[106,547s][info][gc] GC(925) Pause Young (G1 Evacuation Pause) 161M->2M(267M) 1,031ms
[106,655s][info][gc] GC(926) Pause Young (G1 Evacuation Pause) 161M->2M(267M) 0,881ms
[106,765s][info][gc] GC(927) Pause Young (G1 Evacuation Pause) 161M->2M(267M) 2,299ms
[106,876s][info][gc] GC(928) Pause Young (G1 Evacuation Pause) 161M->2M(267M) 1,074ms
[106,997s][info][gc] GC(929) Pause Young (G1 Evacuation Pause) 161M->2M(267M) 0,876ms
[107,106s][info][gc] GC(930) Pause Young (G1 Evacuation Pause) 161M->2M(267M) 1,126ms
[107,216s][info][gc] GC(931) Pause Young (G1 Evacuation Pause) 161M->2M(267M) 1,845ms
[107,328s][info][gc] GC(932) Pause Young (G1 Evacuation Pause) 161M->2M(267M) 1,314ms
[107,444s][info][gc] GC(933) Pause Young (G1 Evacuation Pause) 161M->2M(267M) 0,852ms
[107,556s][info][gc] GC(934) Pause Young (G1 Evacuation Pause) 161M->2M(267M) 1,213ms
[107,670s][info][gc] GC(935) Pause Young (G1 Evacuation Pause) 161M->2M(267M) 2,870ms
[107,791s][info][gc] GC(936) Pause Young (G1 Evacuation Pause) 161M->2M(267M) 1,165ms
[107,903s][info][gc] GC(937) Pause Young (G1 Evacuation Pause) 161M->2M(267M) 1,153ms
[108,012s][info][gc] GC(938) Pause Young (G1 Evacuation Pause) 161M->2M(267M) 0,895ms
[108,118s][info][gc] GC(939) Pause Young (G1 Evacuation Pause) 161M->2M(267M) 0,815ms
[108,227s][info][gc] GC(940) Pause Young (G1 Evacuation Pause) 161M->2M(267M) 1,447ms
[108,333s][info][gc] GC(941) Pause Young (G1 Evacuation Pause) 161M->2M(267M) 2,596ms
[108,449s][info][gc] GC(942) Pause Young (G1 Evacuation Pause) 161M->2M(267M) 0,812ms
[108,558s][info][gc] GC(943) Pause Young (G1 Evacuation Pause) 161M->2M(267M) 0,881ms
[108,665s][info][gc] GC(944) Pause Young (G1 Evacuation Pause) 161M->2M(267M) 0,975ms
[108,771s][info][gc] GC(945) Pause Young (G1 Evacuation Pause) 161M->2M(267M) 0,874ms
[108,885s][info][gc] GC(946) Pause Young (G1 Evacuation Pause) 161M->2M(267M) 0,962ms
[109,001s][info][gc] GC(947) Pause Young (G1 Evacuation Pause) 161M->2M(267M) 0,920ms
[109,115s][info][gc] GC(948) Pause Young (G1 Evacuation Pause) 161M->2M(267M) 0,935ms
[109,232s][info][gc] GC(949) Pause Young (G1 Evacuation Pause) 161M->2M(267M) 1,020ms
[109,351s][info][gc] GC(950) Pause Young (G1 Evacuation Pause) 161M->2M(267M) 0,808ms
[109,462s][info][gc] GC(951) Pause Young (G1 Evacuation Pause) 161M->2M(267M) 1,141ms
[109,573s][info][gc] GC(952) Pause Young (G1 Evacuation Pause) 161M->2M(267M) 1,118ms
[109,687s][info][gc] GC(953) Pause Young (G1 Evacuation Pause) 161M->2M(267M) 0,853ms
[109,797s][info][gc] GC(954) Pause Young (G1 Evacuation Pause) 161M->2M(267M) 0,851ms
[109,915s][info][gc] GC(955) Pause Young (G1 Evacuation Pause) 161M->2M(267M) 1,262ms
[110,023s][info][gc] GC(956) Pause Young (G1 Evacuation Pause) 161M->2M(267M) 1,227ms
[110,134s][info][gc] GC(957) Pause Young (G1 Evacuation Pause) 161M->2M(267M) 2,336ms
[110,248s][info][gc] GC(958) Pause Young (G1 Evacuation Pause) 161M->2M(267M) 1,021ms
[110,362s][info][gc] GC(959) Pause Young (G1 Evacuation Pause) 161M->2M(267M) 0,908ms
[110,479s][info][gc] GC(960) Pause Young (G1 Evacuation Pause) 161M->2M(267M) 0,804ms
[110,600s][info][gc] GC(961) Pause Young (G1 Evacuation Pause) 161M->2M(267M) 1,100ms
[110,709s][info][gc] GC(962) Pause Young (G1 Evacuation Pause) 161M->2M(267M) 1,107ms
[110,815s][info][gc] GC(963) Pause Young (G1 Evacuation Pause) 161M->2M(267M) 0,837ms
[110,924s][info][gc] GC(964) Pause Young (G1 Evacuation Pause) 161M->2M(267M) 1,269ms
[111,032s][info][gc] GC(965) Pause Young (G1 Evacuation Pause) 161M->2M(267M) 1,125ms
[111,143s][info][gc] GC(966) Pause Young (G1 Evacuation Pause) 161M->2M(267M) 1,309ms
[111,250s][info][gc] GC(967) Pause Young (G1 Evacuation Pause) 161M->2M(267M) 0,913ms
[111,362s][info][gc] GC(968) Pause Young (G1 Evacuation Pause) 161M->2M(267M) 1,015ms
[111,473s][info][gc] GC(969) Pause Young (G1 Evacuation Pause) 161M->2M(267M) 1,187ms
[111,582s][info][gc] GC(970) Pause Young (G1 Evacuation Pause) 161M->2M(267M) 0,932ms
[111,693s][info][gc] GC(971) Pause Young (G1 Evacuation Pause) 161M->2M(267M) 2,716ms
[111,800s][info][gc] GC(972) Pause Young (G1 Evacuation Pause) 161M->2M(267M) 1,019ms
[111,910s][info][gc] GC(973) Pause Young (G1 Evacuation Pause) 161M->2M(267M) 0,874ms
[112,021s][info][gc] GC(974) Pause Young (G1 Evacuation Pause) 161M->2M(267M) 0,873ms
[112,128s][info][gc] GC(975) Pause Young (G1 Evacuation Pause) 161M->2M(267M) 0,990ms
[112,234s][info][gc] GC(976) Pause Young (G1 Evacuation Pause) 161M->2M(267M) 1,043ms
[112,346s][info][gc] GC(977) Pause Young (G1 Evacuation Pause) 161M->2M(267M) 2,251ms
[112,454s][info][gc] GC(978) Pause Young (G1 Evacuation Pause) 161M->2M(267M) 0,889ms
[112,560s][info][gc] GC(979) Pause Young (G1 Evacuation Pause) 161M->2M(267M) 1,076ms
[112,667s][info][gc] GC(980) Pause Young (G1 Evacuation Pause) 161M->2M(267M) 0,954ms
[112,775s][info][gc] GC(981) Pause Young (G1 Evacuation Pause) 161M->2M(267M) 1,046ms
[112,891s][info][gc] GC(982) Pause Young (G1 Evacuation Pause) 161M->2M(267M) 0,916ms
[113,007s][info][gc] GC(983) Pause Young (G1 Evacuation Pause) 161M->2M(267M) 0,840ms
[113,115s][info][gc] GC(984) Pause Young (G1 Evacuation Pause) 161M->2M(267M) 0,855ms
[113,232s][info][gc] GC(985) Pause Young (G1 Evacuation Pause) 161M->2M(267M) 0,996ms
[113,347s][info][gc] GC(986) Pause Young (G1 Evacuation Pause) 161M->2M(267M) 1,237ms
[113,459s][info][gc] GC(987) Pause Young (G1 Evacuation Pause) 161M->2M(267M) 1,247ms
[113,567s][info][gc] GC(988) Pause Young (G1 Evacuation Pause) 161M->2M(267M) 1,193ms
[113,673s][info][gc] GC(989) Pause Young (G1 Evacuation Pause) 161M->2M(267M) 0,925ms
[113,782s][info][gc] GC(990) Pause Young (G1 Evacuation Pause) 161M->2M(267M) 1,022ms
[113,895s][info][gc] GC(991) Pause Young (G1 Evacuation Pause) 161M->2M(267M) 1,461ms
[114,013s][info][gc] GC(992) Pause Young (G1 Evacuation Pause) 161M->2M(267M) 0,915ms
[114,126s][info][gc] GC(993) Pause Young (G1 Evacuation Pause) 161M->2M(267M) 0,830ms
[114,236s][info][gc] GC(994) Pause Young (G1 Evacuation Pause) 161M->2M(267M) 0,957ms
[114,352s][info][gc] GC(995) Pause Young (G1 Evacuation Pause) 161M->2M(267M) 3,335ms
[114,466s][info][gc] GC(996) Pause Young (G1 Evacuation Pause) 161M->2M(267M) 0,967ms
[114,576s][info][gc] GC(997) Pause Young (G1 Evacuation Pause) 161M->2M(267M) 1,003ms
[114,683s][info][gc] GC(998) Pause Young (G1 Evacuation Pause) 161M->2M(267M) 0,819ms
[114,790s][info][gc] GC(999) Pause Young (G1 Evacuation Pause) 161M->2M(267M) 0,870ms
[114,912s][info][gc] GC(1000) Pause Young (G1 Evacuation Pause) 161M->2M(267M) 1,698ms
[115,035s][info][gc] GC(1001) Pause Young (G1 Evacuation Pause) 161M->2M(267M) 1,053ms
[115,155s][info][gc] GC(1002) Pause Young (G1 Evacuation Pause) 161M->2M(267M) 1,235ms
[115,269s][info][gc] GC(1003) Pause Young (G1 Evacuation Pause) 161M->2M(267M) 1,426ms
[115,380s][info][gc] GC(1004) Pause Young (G1 Evacuation Pause) 161M->2M(267M) 0,838ms
[115,484s][info][gc] GC(1005) Pause Young (G1 Evacuation Pause) 161M->2M(267M) 1,022ms
[115,609s][info][gc] GC(1006) Pause Young (G1 Evacuation Pause) 161M->2M(267M) 1,617ms
[115,723s][info][gc] GC(1007) Pause Young (G1 Evacuation Pause) 161M->2M(267M) 1,004ms
[115,836s][info][gc] GC(1008) Pause Young (G1 Evacuation Pause) 161M->2M(267M) 1,193ms
[115,949s][info][gc] GC(1009) Pause Young (G1 Evacuation Pause) 161M->2M(267M) 1,250ms
[116,059s][info][gc] GC(1010) Pause Young (G1 Evacuation Pause) 161M->2M(267M) 1,250ms
[116,175s][info][gc] GC(1011) Pause Young (G1 Evacuation Pause) 161M->2M(267M) 1,194ms
[116,287s][info][gc] GC(1012) Pause Young (G1 Evacuation Pause) 161M->2M(267M) 0,974ms
[116,400s][info][gc] GC(1013) Pause Young (G1 Evacuation Pause) 161M->2M(267M) 0,876ms
[116,516s][info][gc] GC(1014) Pause Young (G1 Evacuation Pause) 161M->2M(267M) 1,777ms
[116,625s][info][gc] GC(1015) Pause Young (G1 Evacuation Pause) 161M->2M(267M) 0,864ms
[116,738s][info][gc] GC(1016) Pause Young (G1 Evacuation Pause) 161M->2M(267M) 1,063ms
[116,853s][info][gc] GC(1017) Pause Young (G1 Evacuation Pause) 161M->2M(267M) 1,639ms
[116,965s][info][gc] GC(1018) Pause Young (G1 Evacuation Pause) 161M->2M(267M) 1,397ms
[117,082s][info][gc] GC(1019) Pause Young (G1 Evacuation Pause) 161M->2M(267M) 1,224ms
[117,194s][info][gc] GC(1020) Pause Young (G1 Evacuation Pause) 161M->2M(267M) 1,146ms
[117,304s][info][gc] GC(1021) Pause Young (G1 Evacuation Pause) 161M->2M(267M) 1,299ms
[117,414s][info][gc] GC(1022) Pause Young (G1 Evacuation Pause) 161M->2M(267M) 0,991ms
[117,524s][info][gc] GC(1023) Pause Young (G1 Evacuation Pause) 161M->2M(267M) 1,874ms
[117,634s][info][gc] GC(1024) Pause Young (G1 Evacuation Pause) 161M->2M(267M) 1,197ms
[117,741s][info][gc] GC(1025) Pause Young (G1 Evacuation Pause) 161M->2M(267M) 1,080ms
[117,848s][info][gc] GC(1026) Pause Young (G1 Evacuation Pause) 161M->2M(267M) 1,103ms
[117,958s][info][gc] GC(1027) Pause Young (G1 Evacuation Pause) 161M->2M(267M) 1,053ms
[118,064s][info][gc] GC(1028) Pause Young (G1 Evacuation Pause) 161M->2M(267M) 1,015ms
[118,172s][info][gc] GC(1029) Pause Young (G1 Evacuation Pause) 161M->2M(267M) 1,290ms
[118,281s][info][gc] GC(1030) Pause Young (G1 Evacuation Pause) 161M->2M(267M) 0,953ms
[118,390s][info][gc] GC(1031) Pause Young (G1 Evacuation Pause) 161M->2M(267M) 1,024ms
[118,497s][info][gc] GC(1032) Pause Young (G1 Evacuation Pause) 161M->2M(267M) 0,863ms
[118,608s][info][gc] GC(1033) Pause Young (G1 Evacuation Pause) 161M->2M(267M) 0,821ms
[118,717s][info][gc] GC(1034) Pause Young (G1 Evacuation Pause) 161M->2M(267M) 1,076ms
[118,858s][info][gc] GC(1035) Pause Young (G1 Evacuation Pause) 161M->3M(267M) 2,487ms
