[0.017s][info][gc] Using G1
[0,570s][info][gc] GC(0) Pause Young (G1 Evacuation Pause) 15M->10M(60M) 30,552ms
[0,637s][info][gc] GC(1) Pause Young (G1 Evacuation Pause) 17M->17M(60M) 43,495ms
[0,705s][info][gc] GC(2) Pause Young (G1 Evacuation Pause) 26M->24M(60M) 38,804ms
[1,114s][info][gc] GC(3) Pause Young (G1 Evacuation Pause) 33M->30M(180M) 30,576ms
[2,172s][info][gc] GC(4) Pause Young (G1 Evacuation Pause) 53M->30M(180M) 15,186ms
[3,703s][info][gc] GC(5) Pause Young (G1 Evacuation Pause) 81M->41M(180M) 15,523ms
[4,401s][info][gc] GC(6) Pause Initial Mark (G1 Humongous Allocation) 126M->56M(180M) 12,317ms
[4,402s][info][gc] GC(7) Concurrent Cycle
[4,488s][info][gc] GC(7) Pause Remark 67M->67M(180M) 2,535ms
[4,515s][info][gc] GC(7) Pause Cleanup 69M->45M(180M) 0,304ms
[4,518s][info][gc] GC(7) Concurrent Cycle 116,320ms
[5,154s][info][gc] GC(8) Pause Initial Mark (G1 Humongous Allocation) 132M->56M(180M) 12,981ms
[5,154s][info][gc] GC(9) Concurrent Cycle
[5,252s][info][gc] GC(9) Pause Remark 73M->73M(180M) 2,521ms
[5,277s][info][gc] GC(9) Pause Cleanup 79M->64M(180M) 0,251ms
[5,279s][info][gc] GC(9) Concurrent Cycle 124,767ms
[5,750s][info][gc] GC(10) Pause Initial Mark (G1 Humongous Allocation) 130M->57M(180M) 11,908ms
[5,750s][info][gc] GC(11) Concurrent Cycle
[5,879s][info][gc] GC(11) Pause Remark 70M->70M(180M) 2,395ms
[5,908s][info][gc] GC(11) Pause Cleanup 72M->50M(180M) 0,266ms
[5,909s][info][gc] GC(11) Concurrent Cycle 158,982ms
[6,447s][info][gc] GC(12) Pause Initial Mark (G1 Humongous Allocation) 136M->54M(180M) 7,816ms
[6,447s][info][gc] GC(13) Concurrent Cycle
[6,534s][info][gc] GC(13) Pause Remark 67M->67M(180M) 2,291ms
[6,560s][info][gc] GC(13) Pause Cleanup 69M->46M(180M) 0,268ms
[6,561s][info][gc] GC(13) Concurrent Cycle 113,681ms
[7,183s][info][gc] GC(14) Pause Initial Mark (G1 Humongous Allocation) 136M->56M(180M) 12,765ms
[7,183s][info][gc] GC(15) Concurrent Cycle
[7,283s][info][gc] GC(15) Pause Remark 73M->73M(180M) 2,433ms
[7,310s][info][gc] GC(15) Pause Cleanup 80M->65M(180M) 0,249ms
[7,311s][info][gc] GC(15) Concurrent Cycle 127,467ms
[8,432s][info][gc] GC(16) Pause Young (G1 Evacuation Pause) 155M->56M(180M) 14,928ms
[8,839s][info][gc] GC(17) Pause Initial Mark (G1 Humongous Allocation) 116M->69M(180M) 15,940ms
[8,839s][info][gc] GC(18) Concurrent Cycle
[8,939s][info][gc] GC(18) Pause Remark 81M->81M(180M) 3,089ms
[8,969s][info][gc] GC(18) Pause Cleanup 83M->49M(180M) 0,249ms
[8,975s][info][gc] GC(18) Concurrent Cycle 135,170ms
